Archive member included because of file (symbol)

..//test/binary/drivers/Release/libmaacs_drivers.a(clocks.o)
                              Release/test.o (pll_init)
..//test/binary/drivers/Release/libmaacs_drivers.a(control_module.o)
                              Release/test.o (enable_uart0_pin_mux)
..//test/binary/drivers/Release/libmaacs_drivers.a(dbg.o)
                              Release/test.o (dbg_setup)
..//test/binary/drivers/Release/libmaacs_drivers.a(pwm.o)
                              Release/test.o (pwm_start)
..//test/binary/drivers/Release/libmaacs_drivers.a(timer.o)
                              ..//test/binary/drivers/Release/libmaacs_drivers.a(pwm.o) (timer_soft_reset)
..//test/binary/drivers/Release/libmaacs_drivers.a(uart.o)
                              ..//test/binary/drivers/Release/libmaacs_drivers.a(dbg.o) (uart_setup)
..//test/binary/drivers/Release/libmaacs_drivers.a(util.o)
                              Release/test.o (util_setup)
..//system_config/binary/Release/libsystem_config.a(init.o)
                              (Entry)
..//system_config/binary/Release/libsystem_config.a(startup.o)
                              ..//system_config/binary/Release/libsystem_config.a(init.o) (start_boot)
..//system_config/binary/Release/libsystem_config.a(cp15.o)
                              ..//system_config/binary/Release/libsystem_config.a(startup.o) (CP15VectorBaseAddrSet)
..//system_config/binary/Release/libsystem_config.a(exceptionhandler.o)
                              ..//system_config/binary/Release/libsystem_config.a(startup.o) (IRQHandler)
..//system_config/binary/Release/libsystem_config.a(interrupt.o)
                              ..//system_config/binary/Release/libsystem_config.a(exceptionhandler.o) (fnRAMVectors)
..//system_config/binary/Release/libsystem_config.a(cpu.o)
                              ..//system_config/binary/Release/libsystem_config.a(exceptionhandler.o) (CPUAbortHandler)
/home/jacob/gcc-arm-none-eabi-4_7-2012q4/arm-none-eabi/lib//libc.a(lib_a-sprintf.o)
                              Release/test.o (sprintf)
/home/jacob/gcc-arm-none-eabi-4_7-2012q4/arm-none-eabi/lib//libc.a(lib_a-svfprintf.o)
                              /home/jacob/gcc-arm-none-eabi-4_7-2012q4/arm-none-eabi/lib//libc.a(lib_a-sprintf.o) (_svfprintf_r)
/home/jacob/gcc-arm-none-eabi-4_7-2012q4/arm-none-eabi/lib//libc.a(lib_a-dtoa.o)
                              /home/jacob/gcc-arm-none-eabi-4_7-2012q4/arm-none-eabi/lib//libc.a(lib_a-svfprintf.o) (_dtoa_r)
/home/jacob/gcc-arm-none-eabi-4_7-2012q4/arm-none-eabi/lib//libc.a(lib_a-impure.o)
                              /home/jacob/gcc-arm-none-eabi-4_7-2012q4/arm-none-eabi/lib//libc.a(lib_a-sprintf.o) (_impure_ptr)
/home/jacob/gcc-arm-none-eabi-4_7-2012q4/arm-none-eabi/lib//libc.a(lib_a-locale.o)
                              /home/jacob/gcc-arm-none-eabi-4_7-2012q4/arm-none-eabi/lib//libc.a(lib_a-svfprintf.o) (_localeconv_r)
/home/jacob/gcc-arm-none-eabi-4_7-2012q4/arm-none-eabi/lib//libc.a(lib_a-mallocr.o)
                              /home/jacob/gcc-arm-none-eabi-4_7-2012q4/arm-none-eabi/lib//libc.a(lib_a-svfprintf.o) (_malloc_r)
/home/jacob/gcc-arm-none-eabi-4_7-2012q4/arm-none-eabi/lib//libc.a(lib_a-memchr.o)
                              /home/jacob/gcc-arm-none-eabi-4_7-2012q4/arm-none-eabi/lib//libc.a(lib_a-svfprintf.o) (memchr)
/home/jacob/gcc-arm-none-eabi-4_7-2012q4/arm-none-eabi/lib//libc.a(lib_a-memcpy.o)
                              /home/jacob/gcc-arm-none-eabi-4_7-2012q4/arm-none-eabi/lib//libc.a(lib_a-dtoa.o) (memcpy)
/home/jacob/gcc-arm-none-eabi-4_7-2012q4/arm-none-eabi/lib//libc.a(lib_a-mlock.o)
                              /home/jacob/gcc-arm-none-eabi-4_7-2012q4/arm-none-eabi/lib//libc.a(lib_a-mallocr.o) (__malloc_lock)
/home/jacob/gcc-arm-none-eabi-4_7-2012q4/arm-none-eabi/lib//libc.a(lib_a-mprec.o)
                              /home/jacob/gcc-arm-none-eabi-4_7-2012q4/arm-none-eabi/lib//libc.a(lib_a-dtoa.o) (_Balloc)
/home/jacob/gcc-arm-none-eabi-4_7-2012q4/arm-none-eabi/lib//libc.a(lib_a-s_fpclassify.o)
                              /home/jacob/gcc-arm-none-eabi-4_7-2012q4/arm-none-eabi/lib//libc.a(lib_a-svfprintf.o) (__fpclassifyd)
/home/jacob/gcc-arm-none-eabi-4_7-2012q4/arm-none-eabi/lib//libc.a(lib_a-sbrkr.o)
                              /home/jacob/gcc-arm-none-eabi-4_7-2012q4/arm-none-eabi/lib//libc.a(lib_a-mallocr.o) (_sbrk_r)
/home/jacob/gcc-arm-none-eabi-4_7-2012q4/arm-none-eabi/lib//libc.a(lib_a-strcmp.o)
                              /home/jacob/gcc-arm-none-eabi-4_7-2012q4/arm-none-eabi/lib//libc.a(lib_a-locale.o) (strcmp)
/home/jacob/gcc-arm-none-eabi-4_7-2012q4/arm-none-eabi/lib//libc.a(lib_a-strlen.o)
                              /home/jacob/gcc-arm-none-eabi-4_7-2012q4/arm-none-eabi/lib//libc.a(lib_a-svfprintf.o) (strlen)
/home/jacob/gcc-arm-none-eabi-4_7-2012q4/arm-none-eabi/lib//libc.a(lib_a-svfiprintf.o)
                              /home/jacob/gcc-arm-none-eabi-4_7-2012q4/arm-none-eabi/lib//libc.a(lib_a-svfprintf.o) (__ssprint_r)
/home/jacob/gcc-arm-none-eabi-4_7-2012q4/arm-none-eabi/lib//libc.a(lib_a-callocr.o)
                              /home/jacob/gcc-arm-none-eabi-4_7-2012q4/arm-none-eabi/lib//libc.a(lib_a-mprec.o) (_calloc_r)
/home/jacob/gcc-arm-none-eabi-4_7-2012q4/arm-none-eabi/lib//libc.a(lib_a-freer.o)
                              /home/jacob/gcc-arm-none-eabi-4_7-2012q4/arm-none-eabi/lib//libc.a(lib_a-mallocr.o) (_free_r)
/home/jacob/gcc-arm-none-eabi-4_7-2012q4/arm-none-eabi/lib//libc.a(lib_a-memmove.o)
                              /home/jacob/gcc-arm-none-eabi-4_7-2012q4/arm-none-eabi/lib//libc.a(lib_a-svfiprintf.o) (memmove)
/home/jacob/gcc-arm-none-eabi-4_7-2012q4/arm-none-eabi/lib//libc.a(lib_a-memset.o)
                              /home/jacob/gcc-arm-none-eabi-4_7-2012q4/arm-none-eabi/lib//libc.a(lib_a-callocr.o) (memset)
/home/jacob/gcc-arm-none-eabi-4_7-2012q4/arm-none-eabi/lib//libc.a(lib_a-reallocr.o)
                              /home/jacob/gcc-arm-none-eabi-4_7-2012q4/arm-none-eabi/lib//libc.a(lib_a-svfiprintf.o) (_realloc_r)
/home/jacob/gcc-arm-none-eabi-4_7-2012q4/arm-none-eabi/lib//libc.a(lib_a-reent.o)
                              /home/jacob/gcc-arm-none-eabi-4_7-2012q4/arm-none-eabi/lib//libc.a(lib_a-sbrkr.o) (errno)
/home/jacob/gcc-arm-none-eabi-4_7-2012q4/lib/gcc/arm-none-eabi/4.7.3//libgcc.a(_udivsi3.o)
                              (__aeabi_uidiv)
/home/jacob/gcc-arm-none-eabi-4_7-2012q4/lib/gcc/arm-none-eabi/4.7.3//libgcc.a(_divsi3.o)
                              (__aeabi_idiv)
/home/jacob/gcc-arm-none-eabi-4_7-2012q4/lib/gcc/arm-none-eabi/4.7.3//libgcc.a(_dvmd_tls.o)
                              /home/jacob/gcc-arm-none-eabi-4_7-2012q4/lib/gcc/arm-none-eabi/4.7.3//libgcc.a(_udivsi3.o) (__aeabi_idiv0)
/home/jacob/gcc-arm-none-eabi-4_7-2012q4/lib/gcc/arm-none-eabi/4.7.3//libgcc.a(_arm_addsubdf3.o)
                              /home/jacob/gcc-arm-none-eabi-4_7-2012q4/arm-none-eabi/lib//libc.a(lib_a-dtoa.o) (__aeabi_dsub)
/home/jacob/gcc-arm-none-eabi-4_7-2012q4/lib/gcc/arm-none-eabi/4.7.3//libgcc.a(_arm_muldivdf3.o)
                              ..//test/binary/drivers/Release/libmaacs_drivers.a(util.o) (__aeabi_dmul)
/home/jacob/gcc-arm-none-eabi-4_7-2012q4/lib/gcc/arm-none-eabi/4.7.3//libgcc.a(_arm_cmpdf2.o)
                              /home/jacob/gcc-arm-none-eabi-4_7-2012q4/arm-none-eabi/lib//libc.a(lib_a-svfprintf.o) (__aeabi_dcmpeq)
/home/jacob/gcc-arm-none-eabi-4_7-2012q4/lib/gcc/arm-none-eabi/4.7.3//libgcc.a(_arm_fixdfsi.o)
                              /home/jacob/gcc-arm-none-eabi-4_7-2012q4/arm-none-eabi/lib//libc.a(lib_a-dtoa.o) (__aeabi_d2iz)
/home/jacob/gcc-arm-none-eabi-4_7-2012q4/lib/gcc/arm-none-eabi/4.7.3//libgcc.a(_arm_fixunsdfsi.o)
                              ..//test/binary/drivers/Release/libmaacs_drivers.a(timer.o) (__aeabi_d2uiz)
/home/jacob/gcc-arm-none-eabi-4_7-2012q4/lib/gcc/arm-none-eabi/4.7.3//libgcc.a(_arm_addsubsf3.o)
                              ..//test/binary/drivers/Release/libmaacs_drivers.a(pwm.o) (__aeabi_ui2f)
/home/jacob/gcc-arm-none-eabi-4_7-2012q4/lib/gcc/arm-none-eabi/4.7.3//libgcc.a(_arm_muldivsf3.o)
                              ..//test/binary/drivers/Release/libmaacs_drivers.a(timer.o) (__aeabi_fdiv)
/home/jacob/gcc-arm-none-eabi-4_7-2012q4/lib/gcc/arm-none-eabi/4.7.3//libgcc.a(_aeabi_uldivmod.o)
                              /home/jacob/gcc-arm-none-eabi-4_7-2012q4/arm-none-eabi/lib//libc.a(lib_a-svfprintf.o) (__aeabi_uldivmod)
/home/jacob/gcc-arm-none-eabi-4_7-2012q4/lib/gcc/arm-none-eabi/4.7.3//libgcc.a(bpabi.o)
                              /home/jacob/gcc-arm-none-eabi-4_7-2012q4/lib/gcc/arm-none-eabi/4.7.3//libgcc.a(_aeabi_uldivmod.o) (__gnu_uldivmod_helper)
/home/jacob/gcc-arm-none-eabi-4_7-2012q4/lib/gcc/arm-none-eabi/4.7.3//libgcc.a(_divdi3.o)
                              /home/jacob/gcc-arm-none-eabi-4_7-2012q4/lib/gcc/arm-none-eabi/4.7.3//libgcc.a(bpabi.o) (__divdi3)
/home/jacob/gcc-arm-none-eabi-4_7-2012q4/lib/gcc/arm-none-eabi/4.7.3//libgcc.a(_udivdi3.o)
                              /home/jacob/gcc-arm-none-eabi-4_7-2012q4/lib/gcc/arm-none-eabi/4.7.3//libgcc.a(bpabi.o) (__udivdi3)
/home/jacob/gcc-arm-none-eabi-4_7-2012q4/lib/gcc/arm-none-eabi/4.7.3//libgcc.a(_clzsi2.o)
                              /home/jacob/gcc-arm-none-eabi-4_7-2012q4/lib/gcc/arm-none-eabi/4.7.3//libgcc.a(_divdi3.o) (__clzsi2)

Allocating common symbols
Common symbol       size              file

sdCard              0x50              Release/test.o
errno               0x4               /home/jacob/gcc-arm-none-eabi-4_7-2012q4/arm-none-eabi/lib//libc.a(lib_a-reent.o)
pwm4                0x10              Release/test.o
dbgstr              0x32              Release/test.o
mysdcard            0x10              Release/test.o
fnRAMVectors        0x200             ..//system_config/binary/Release/libsystem_config.a(interrupt.o)
pwm7                0x10              Release/test.o
pwm5                0x10              Release/test.o
test_data           0x32              Release/test.o

Discarded input sections

 .text          0x00000000        0x0 Release/test.o
 .data          0x00000000        0x0 Release/test.o
 .bss           0x00000000        0x0 Release/test.o
 .data.i2c0     0x00000000        0x4 Release/test.o
 .data.mmcsd0   0x00000000        0x4 Release/test.o
 .text          0x00000000        0x0 ..//test/binary/drivers/Release/libmaacs_drivers.a(clocks.o)
 .data          0x00000000        0x0 ..//test/binary/drivers/Release/libmaacs_drivers.a(clocks.o)
 .bss           0x00000000        0x0 ..//test/binary/drivers/Release/libmaacs_drivers.a(clocks.o)
 .text          0x00000000        0x0 ..//test/binary/drivers/Release/libmaacs_drivers.a(control_module.o)
 .data          0x00000000        0x0 ..//test/binary/drivers/Release/libmaacs_drivers.a(control_module.o)
 .bss           0x00000000        0x0 ..//test/binary/drivers/Release/libmaacs_drivers.a(control_module.o)
 .text.enable_i2c1_pin_mux
                0x00000000       0x34 ..//test/binary/drivers/Release/libmaacs_drivers.a(control_module.o)
 .text.enable_i2c2_pin_mux
                0x00000000       0x34 ..//test/binary/drivers/Release/libmaacs_drivers.a(control_module.o)
 .text.enable_led_pin_mux
                0x00000000       0x34 ..//test/binary/drivers/Release/libmaacs_drivers.a(control_module.o)
 .data.led_pin_mux
                0x00000000       0x28 ..//test/binary/drivers/Release/libmaacs_drivers.a(control_module.o)
 .data.i2c2_pin_mux
                0x00000000       0x18 ..//test/binary/drivers/Release/libmaacs_drivers.a(control_module.o)
 .data.i2c1_pin_mux
                0x00000000       0x18 ..//test/binary/drivers/Release/libmaacs_drivers.a(control_module.o)
 .text          0x00000000        0x0 ..//test/binary/drivers/Release/libmaacs_drivers.a(dbg.o)
 .data          0x00000000        0x0 ..//test/binary/drivers/Release/libmaacs_drivers.a(dbg.o)
 .bss           0x00000000        0x0 ..//test/binary/drivers/Release/libmaacs_drivers.a(dbg.o)
 .text._close   0x00000000        0x8 ..//test/binary/drivers/Release/libmaacs_drivers.a(dbg.o)
 .text._fstat   0x00000000       0x10 ..//test/binary/drivers/Release/libmaacs_drivers.a(dbg.o)
 .text._isatty  0x00000000        0x8 ..//test/binary/drivers/Release/libmaacs_drivers.a(dbg.o)
 .text._lseek   0x00000000        0x8 ..//test/binary/drivers/Release/libmaacs_drivers.a(dbg.o)
 .text._open    0x00000000        0x8 ..//test/binary/drivers/Release/libmaacs_drivers.a(dbg.o)
 .text._read    0x00000000        0x8 ..//test/binary/drivers/Release/libmaacs_drivers.a(dbg.o)
 .text._write   0x00000000       0x3c ..//test/binary/drivers/Release/libmaacs_drivers.a(dbg.o)
 .text          0x00000000        0x0 ..//test/binary/drivers/Release/libmaacs_drivers.a(pwm.o)
 .data          0x00000000        0x0 ..//test/binary/drivers/Release/libmaacs_drivers.a(pwm.o)
 .bss           0x00000000        0x0 ..//test/binary/drivers/Release/libmaacs_drivers.a(pwm.o)
 .text.pwm_stop
                0x00000000       0x18 ..//test/binary/drivers/Release/libmaacs_drivers.a(pwm.o)
 .text          0x00000000        0x0 ..//test/binary/drivers/Release/libmaacs_drivers.a(timer.o)
 .data          0x00000000        0x0 ..//test/binary/drivers/Release/libmaacs_drivers.a(timer.o)
 .bss           0x00000000        0x0 ..//test/binary/drivers/Release/libmaacs_drivers.a(timer.o)
 .text.timer_enable_int
                0x00000000       0x10 ..//test/binary/drivers/Release/libmaacs_drivers.a(timer.o)
 .text.timer_check_rstatus
                0x00000000       0x14 ..//test/binary/drivers/Release/libmaacs_drivers.a(timer.o)
 .text.timer_check_status
                0x00000000       0x14 ..//test/binary/drivers/Release/libmaacs_drivers.a(timer.o)
 .text.timer_clear_status
                0x00000000       0x10 ..//test/binary/drivers/Release/libmaacs_drivers.a(timer.o)
 .text.timer_set_reload
                0x00000000       0x20 ..//test/binary/drivers/Release/libmaacs_drivers.a(timer.o)
 .text          0x00000000        0x0 ..//test/binary/drivers/Release/libmaacs_drivers.a(uart.o)
 .data          0x00000000        0x0 ..//test/binary/drivers/Release/libmaacs_drivers.a(uart.o)
 .bss           0x00000000        0x0 ..//test/binary/drivers/Release/libmaacs_drivers.a(uart.o)
 .text.uart_soft_reset
                0x00000000       0x34 ..//test/binary/drivers/Release/libmaacs_drivers.a(uart.o)
 .text.uart_enable_int
                0x00000000       0x14 ..//test/binary/drivers/Release/libmaacs_drivers.a(uart.o)
 .text.uart_disable_int
                0x00000000       0x10 ..//test/binary/drivers/Release/libmaacs_drivers.a(uart.o)
 .text.uart_txsr_empty
                0x00000000        0xc ..//test/binary/drivers/Release/libmaacs_drivers.a(uart.o)
 .text.uart_txfifo_empty
                0x00000000        0xc ..//test/binary/drivers/Release/libmaacs_drivers.a(uart.o)
 .text.uart_rxfifo_empty
                0x00000000        0xc ..//test/binary/drivers/Release/libmaacs_drivers.a(uart.o)
 .text.uart_mode_select
                0x00000000       0x20 ..//test/binary/drivers/Release/libmaacs_drivers.a(uart.o)
 .text.uart_config_mode
                0x00000000       0x44 ..//test/binary/drivers/Release/libmaacs_drivers.a(uart.o)
 .text.uart_parity
                0x00000000       0x20 ..//test/binary/drivers/Release/libmaacs_drivers.a(uart.o)
 .text.uart_stop_bit
                0x00000000       0x20 ..//test/binary/drivers/Release/libmaacs_drivers.a(uart.o)
 .text.uart_data_len
                0x00000000       0x20 ..//test/binary/drivers/Release/libmaacs_drivers.a(uart.o)
 .text.uart_putc
                0x00000000       0x20 ..//test/binary/drivers/Release/libmaacs_drivers.a(uart.o)
 .text.uart_getc
                0x00000000       0x18 ..//test/binary/drivers/Release/libmaacs_drivers.a(uart.o)
 .text          0x00000000        0x0 ..//test/binary/drivers/Release/libmaacs_drivers.a(util.o)
 .data          0x00000000        0x0 ..//test/binary/drivers/Release/libmaacs_drivers.a(util.o)
 .bss           0x00000000        0x0 ..//test/binary/drivers/Release/libmaacs_drivers.a(util.o)
 .text.delay_ms
                0x00000000       0xa4 ..//test/binary/drivers/Release/libmaacs_drivers.a(util.o)
 .data          0x00000000        0x0 ..//system_config/binary/Release/libsystem_config.a(init.o)
 .bss           0x00000000        0x0 ..//system_config/binary/Release/libsystem_config.a(init.o)
 .text          0x00000000        0x0 ..//system_config/binary/Release/libsystem_config.a(startup.o)
 .data          0x00000000        0x0 ..//system_config/binary/Release/libsystem_config.a(startup.o)
 .bss           0x00000000        0x0 ..//system_config/binary/Release/libsystem_config.a(startup.o)
 .rodata.AM335X_VECTOR_BASE
                0x00000000        0x4 ..//system_config/binary/Release/libsystem_config.a(startup.o)
 .data          0x00000000        0x0 ..//system_config/binary/Release/libsystem_config.a(cp15.o)
 .bss           0x00000000        0x0 ..//system_config/binary/Release/libsystem_config.a(cp15.o)
 .data          0x00000000        0x0 ..//system_config/binary/Release/libsystem_config.a(exceptionhandler.o)
 .bss           0x00000000        0x0 ..//system_config/binary/Release/libsystem_config.a(exceptionhandler.o)
 .text          0x00000000        0x0 ..//system_config/binary/Release/libsystem_config.a(interrupt.o)
 .data          0x00000000        0x0 ..//system_config/binary/Release/libsystem_config.a(interrupt.o)
 .bss           0x00000000        0x0 ..//system_config/binary/Release/libsystem_config.a(interrupt.o)
 .text.IntDefaultHandler
                0x00000000        0x4 ..//system_config/binary/Release/libsystem_config.a(interrupt.o)
 .text.IntRegister
                0x00000000       0x10 ..//system_config/binary/Release/libsystem_config.a(interrupt.o)
 .text.IntUnRegister
                0x00000000       0x18 ..//system_config/binary/Release/libsystem_config.a(interrupt.o)
 .text.IntAINTCInit
                0x00000000       0x54 ..//system_config/binary/Release/libsystem_config.a(interrupt.o)
 .text.IntPrioritySet
                0x00000000       0x24 ..//system_config/binary/Release/libsystem_config.a(interrupt.o)
 .text.IntSystemEnable
                0x00000000       0x24 ..//system_config/binary/Release/libsystem_config.a(interrupt.o)
 .text.IntSystemDisable
                0x00000000       0x24 ..//system_config/binary/Release/libsystem_config.a(interrupt.o)
 .text.IntIfClkFreeRunSet
                0x00000000       0x18 ..//system_config/binary/Release/libsystem_config.a(interrupt.o)
 .text.IntIfClkAutoGateSet
                0x00000000       0x18 ..//system_config/binary/Release/libsystem_config.a(interrupt.o)
 .text.IntActiveIrqNumGet
                0x00000000       0x14 ..//system_config/binary/Release/libsystem_config.a(interrupt.o)
 .text.IntSpurIrqFlagGet
                0x00000000       0x14 ..//system_config/binary/Release/libsystem_config.a(interrupt.o)
 .text.IntProtectionEnable
                0x00000000       0x14 ..//system_config/binary/Release/libsystem_config.a(interrupt.o)
 .text.IntProtectionDisable
                0x00000000       0x18 ..//system_config/binary/Release/libsystem_config.a(interrupt.o)
 .text.IntSyncClkFreeRunSet
                0x00000000       0x18 ..//system_config/binary/Release/libsystem_config.a(interrupt.o)
 .text.IntSyncClkAutoGateSet
                0x00000000       0x18 ..//system_config/binary/Release/libsystem_config.a(interrupt.o)
 .text.IntFuncClkFreeRunSet
                0x00000000       0x18 ..//system_config/binary/Release/libsystem_config.a(interrupt.o)
 .text.IntFuncClkAutoGateSet
                0x00000000       0x18 ..//system_config/binary/Release/libsystem_config.a(interrupt.o)
 .text.IntCurrIrqPriorityGet
                0x00000000       0x14 ..//system_config/binary/Release/libsystem_config.a(interrupt.o)
 .text.IntPriorityThresholdGet
                0x00000000       0x14 ..//system_config/binary/Release/libsystem_config.a(interrupt.o)
 .text.IntPriorityThresholdSet
                0x00000000       0x14 ..//system_config/binary/Release/libsystem_config.a(interrupt.o)
 .text.IntRawStatusGet
                0x00000000       0x24 ..//system_config/binary/Release/libsystem_config.a(interrupt.o)
 .text.IntSoftwareIntSet
                0x00000000       0x20 ..//system_config/binary/Release/libsystem_config.a(interrupt.o)
 .text.IntSoftwareIntClear
                0x00000000       0x20 ..//system_config/binary/Release/libsystem_config.a(interrupt.o)
 .text.IntPendingIrqMaskedStatusGet
                0x00000000       0x24 ..//system_config/binary/Release/libsystem_config.a(interrupt.o)
 .text.IntMasterIRQEnable
                0x00000000       0x14 ..//system_config/binary/Release/libsystem_config.a(interrupt.o)
 .text.IntMasterIRQDisable
                0x00000000       0x14 ..//system_config/binary/Release/libsystem_config.a(interrupt.o)
 .text.IntMasterFIQEnable
                0x00000000       0x14 ..//system_config/binary/Release/libsystem_config.a(interrupt.o)
 .text.IntMasterFIQDisable
                0x00000000       0x14 ..//system_config/binary/Release/libsystem_config.a(interrupt.o)
 .text.IntMasterStatusGet
                0x00000000       0x14 ..//system_config/binary/Release/libsystem_config.a(interrupt.o)
 .text.IntDisable
                0x00000000       0x28 ..//system_config/binary/Release/libsystem_config.a(interrupt.o)
 .text.IntEnable
                0x00000000       0x1c ..//system_config/binary/Release/libsystem_config.a(interrupt.o)
 .text          0x00000000        0x0 ..//system_config/binary/Release/libsystem_config.a(cpu.o)
 .data          0x00000000        0x0 ..//system_config/binary/Release/libsystem_config.a(cpu.o)
 .bss           0x00000000        0x0 ..//system_config/binary/Release/libsystem_config.a(cpu.o)
 .text.CPUSwitchToPrivilegedMode
                0x00000000        0x8 ..//system_config/binary/Release/libsystem_config.a(cpu.o)
 .text.CPUSwitchToUserMode
                0x00000000       0x14 ..//system_config/binary/Release/libsystem_config.a(cpu.o)
 .text.CPUAbortHandler
                0x00000000        0x4 ..//system_config/binary/Release/libsystem_config.a(cpu.o)
 .text.CPUIntStatus
                0x00000000        0xc ..//system_config/binary/Release/libsystem_config.a(cpu.o)
 .text.CPUirqd  0x00000000       0x14 ..//system_config/binary/Release/libsystem_config.a(cpu.o)
 .text.CPUirqe  0x00000000       0x14 ..//system_config/binary/Release/libsystem_config.a(cpu.o)
 .text.CPUfiqd  0x00000000       0x14 ..//system_config/binary/Release/libsystem_config.a(cpu.o)
 .text.CPUfiqe  0x00000000       0x14 ..//system_config/binary/Release/libsystem_config.a(cpu.o)
 .debug_info    0x00000000       0xef ..//system_config/binary/Release/libsystem_config.a(cpu.o)
 .debug_abbrev  0x00000000       0x64 ..//system_config/binary/Release/libsystem_config.a(cpu.o)
 .debug_aranges
                0x00000000       0x58 ..//system_config/binary/Release/libsystem_config.a(cpu.o)
 .debug_ranges  0x00000000       0x48 ..//system_config/binary/Release/libsystem_config.a(cpu.o)
 .debug_line    0x00000000       0xca ..//system_config/binary/Release/libsystem_config.a(cpu.o)
 .debug_str     0x00000000      0x117 ..//system_config/binary/Release/libsystem_config.a(cpu.o)
 .comment       0x00000000       0x71 ..//system_config/binary/Release/libsystem_config.a(cpu.o)
 .ARM.attributes
                0x00000000       0x3d ..//system_config/binary/Release/libsystem_config.a(cpu.o)
 .debug_frame   0x00000000       0x90 ..//system_config/binary/Release/libsystem_config.a(cpu.o)
 .text          0x00000000        0x0 /home/jacob/gcc-arm-none-eabi-4_7-2012q4/arm-none-eabi/lib//libc.a(lib_a-sprintf.o)
 .data          0x00000000        0x0 /home/jacob/gcc-arm-none-eabi-4_7-2012q4/arm-none-eabi/lib//libc.a(lib_a-sprintf.o)
 .bss           0x00000000        0x0 /home/jacob/gcc-arm-none-eabi-4_7-2012q4/arm-none-eabi/lib//libc.a(lib_a-sprintf.o)
 .text._sprintf_r
                0x00000000       0x68 /home/jacob/gcc-arm-none-eabi-4_7-2012q4/arm-none-eabi/lib//libc.a(lib_a-sprintf.o)
 .text          0x00000000        0x0 /home/jacob/gcc-arm-none-eabi-4_7-2012q4/arm-none-eabi/lib//libc.a(lib_a-svfprintf.o)
 .data          0x00000000        0x0 /home/jacob/gcc-arm-none-eabi-4_7-2012q4/arm-none-eabi/lib//libc.a(lib_a-svfprintf.o)
 .bss           0x00000000        0x0 /home/jacob/gcc-arm-none-eabi-4_7-2012q4/arm-none-eabi/lib//libc.a(lib_a-svfprintf.o)
 .text          0x00000000        0x0 /home/jacob/gcc-arm-none-eabi-4_7-2012q4/arm-none-eabi/lib//libc.a(lib_a-dtoa.o)
 .data          0x00000000        0x0 /home/jacob/gcc-arm-none-eabi-4_7-2012q4/arm-none-eabi/lib//libc.a(lib_a-dtoa.o)
 .bss           0x00000000        0x0 /home/jacob/gcc-arm-none-eabi-4_7-2012q4/arm-none-eabi/lib//libc.a(lib_a-dtoa.o)
 .text          0x00000000        0x0 /home/jacob/gcc-arm-none-eabi-4_7-2012q4/arm-none-eabi/lib//libc.a(lib_a-impure.o)
 .data          0x00000000        0x0 /home/jacob/gcc-arm-none-eabi-4_7-2012q4/arm-none-eabi/lib//libc.a(lib_a-impure.o)
 .bss           0x00000000        0x0 /home/jacob/gcc-arm-none-eabi-4_7-2012q4/arm-none-eabi/lib//libc.a(lib_a-impure.o)
 .rodata._global_impure_ptr
                0x00000000        0x4 /home/jacob/gcc-arm-none-eabi-4_7-2012q4/arm-none-eabi/lib//libc.a(lib_a-impure.o)
 .text          0x00000000        0x0 /home/jacob/gcc-arm-none-eabi-4_7-2012q4/arm-none-eabi/lib//libc.a(lib_a-locale.o)
 .data          0x00000000        0x0 /home/jacob/gcc-arm-none-eabi-4_7-2012q4/arm-none-eabi/lib//libc.a(lib_a-locale.o)
 .bss           0x00000000        0x0 /home/jacob/gcc-arm-none-eabi-4_7-2012q4/arm-none-eabi/lib//libc.a(lib_a-locale.o)
 .text._setlocale_r
                0x00000000       0x6c /home/jacob/gcc-arm-none-eabi-4_7-2012q4/arm-none-eabi/lib//libc.a(lib_a-locale.o)
 .text.__locale_charset
                0x00000000        0xc /home/jacob/gcc-arm-none-eabi-4_7-2012q4/arm-none-eabi/lib//libc.a(lib_a-locale.o)
 .text.__locale_mb_cur_max
                0x00000000       0x10 /home/jacob/gcc-arm-none-eabi-4_7-2012q4/arm-none-eabi/lib//libc.a(lib_a-locale.o)
 .text.__locale_msgcharset
                0x00000000        0xc /home/jacob/gcc-arm-none-eabi-4_7-2012q4/arm-none-eabi/lib//libc.a(lib_a-locale.o)
 .text.__locale_cjk_lang
                0x00000000        0x8 /home/jacob/gcc-arm-none-eabi-4_7-2012q4/arm-none-eabi/lib//libc.a(lib_a-locale.o)
 .text.setlocale
                0x00000000       0x1c /home/jacob/gcc-arm-none-eabi-4_7-2012q4/arm-none-eabi/lib//libc.a(lib_a-locale.o)
 .text.localeconv
                0x00000000        0xc /home/jacob/gcc-arm-none-eabi-4_7-2012q4/arm-none-eabi/lib//libc.a(lib_a-locale.o)
 .data.lc_message_charset
                0x00000000       0x20 /home/jacob/gcc-arm-none-eabi-4_7-2012q4/arm-none-eabi/lib//libc.a(lib_a-locale.o)
 .bss._PathLocale
                0x00000000        0x4 /home/jacob/gcc-arm-none-eabi-4_7-2012q4/arm-none-eabi/lib//libc.a(lib_a-locale.o)
 .bss.__nlocale_changed
                0x00000000        0x4 /home/jacob/gcc-arm-none-eabi-4_7-2012q4/arm-none-eabi/lib//libc.a(lib_a-locale.o)
 .bss.__mlocale_changed
                0x00000000        0x4 /home/jacob/gcc-arm-none-eabi-4_7-2012q4/arm-none-eabi/lib//libc.a(lib_a-locale.o)
 .data.lc_ctype_charset
                0x00000000       0x20 /home/jacob/gcc-arm-none-eabi-4_7-2012q4/arm-none-eabi/lib//libc.a(lib_a-locale.o)
 .data.__mb_cur_max
                0x00000000        0x4 /home/jacob/gcc-arm-none-eabi-4_7-2012q4/arm-none-eabi/lib//libc.a(lib_a-locale.o)
 .text          0x00000000        0x0 /home/jacob/gcc-arm-none-eabi-4_7-2012q4/arm-none-eabi/lib//libc.a(lib_a-mallocr.o)
 .data          0x00000000        0x0 /home/jacob/gcc-arm-none-eabi-4_7-2012q4/arm-none-eabi/lib//libc.a(lib_a-mallocr.o)
 .bss           0x00000000        0x0 /home/jacob/gcc-arm-none-eabi-4_7-2012q4/arm-none-eabi/lib//libc.a(lib_a-mallocr.o)
 .text          0x00000000        0x0 /home/jacob/gcc-arm-none-eabi-4_7-2012q4/arm-none-eabi/lib//libc.a(lib_a-memchr.o)
 .data          0x00000000        0x0 /home/jacob/gcc-arm-none-eabi-4_7-2012q4/arm-none-eabi/lib//libc.a(lib_a-memchr.o)
 .bss           0x00000000        0x0 /home/jacob/gcc-arm-none-eabi-4_7-2012q4/arm-none-eabi/lib//libc.a(lib_a-memchr.o)
 .text          0x00000000        0x0 /home/jacob/gcc-arm-none-eabi-4_7-2012q4/arm-none-eabi/lib//libc.a(lib_a-memcpy.o)
 .data          0x00000000        0x0 /home/jacob/gcc-arm-none-eabi-4_7-2012q4/arm-none-eabi/lib//libc.a(lib_a-memcpy.o)
 .bss           0x00000000        0x0 /home/jacob/gcc-arm-none-eabi-4_7-2012q4/arm-none-eabi/lib//libc.a(lib_a-memcpy.o)
 .text          0x00000000        0x0 /home/jacob/gcc-arm-none-eabi-4_7-2012q4/arm-none-eabi/lib//libc.a(lib_a-mlock.o)
 .data          0x00000000        0x0 /home/jacob/gcc-arm-none-eabi-4_7-2012q4/arm-none-eabi/lib//libc.a(lib_a-mlock.o)
 .bss           0x00000000        0x0 /home/jacob/gcc-arm-none-eabi-4_7-2012q4/arm-none-eabi/lib//libc.a(lib_a-mlock.o)
 .text          0x00000000        0x0 /home/jacob/gcc-arm-none-eabi-4_7-2012q4/arm-none-eabi/lib//libc.a(lib_a-mprec.o)
 .data          0x00000000        0x0 /home/jacob/gcc-arm-none-eabi-4_7-2012q4/arm-none-eabi/lib//libc.a(lib_a-mprec.o)
 .bss           0x00000000        0x0 /home/jacob/gcc-arm-none-eabi-4_7-2012q4/arm-none-eabi/lib//libc.a(lib_a-mprec.o)
 .text.__s2b    0x00000000       0xf0 /home/jacob/gcc-arm-none-eabi-4_7-2012q4/arm-none-eabi/lib//libc.a(lib_a-mprec.o)
 .text.__ulp    0x00000000       0x64 /home/jacob/gcc-arm-none-eabi-4_7-2012q4/arm-none-eabi/lib//libc.a(lib_a-mprec.o)
 .text.__b2d    0x00000000       0xcc /home/jacob/gcc-arm-none-eabi-4_7-2012q4/arm-none-eabi/lib//libc.a(lib_a-mprec.o)
 .text.__ratio  0x00000000       0x90 /home/jacob/gcc-arm-none-eabi-4_7-2012q4/arm-none-eabi/lib//libc.a(lib_a-mprec.o)
 .text._mprec_log10
                0x00000000       0x50 /home/jacob/gcc-arm-none-eabi-4_7-2012q4/arm-none-eabi/lib//libc.a(lib_a-mprec.o)
 .text.__copybits
                0x00000000       0x74 /home/jacob/gcc-arm-none-eabi-4_7-2012q4/arm-none-eabi/lib//libc.a(lib_a-mprec.o)
 .text.__any_on
                0x00000000       0x88 /home/jacob/gcc-arm-none-eabi-4_7-2012q4/arm-none-eabi/lib//libc.a(lib_a-mprec.o)
 .rodata.__mprec_tinytens
                0x00000000       0x28 /home/jacob/gcc-arm-none-eabi-4_7-2012q4/arm-none-eabi/lib//libc.a(lib_a-mprec.o)
 .text          0x00000000        0x0 /home/jacob/gcc-arm-none-eabi-4_7-2012q4/arm-none-eabi/lib//libc.a(lib_a-s_fpclassify.o)
 .data          0x00000000        0x0 /home/jacob/gcc-arm-none-eabi-4_7-2012q4/arm-none-eabi/lib//libc.a(lib_a-s_fpclassify.o)
 .bss           0x00000000        0x0 /home/jacob/gcc-arm-none-eabi-4_7-2012q4/arm-none-eabi/lib//libc.a(lib_a-s_fpclassify.o)
 .text          0x00000000        0x0 /home/jacob/gcc-arm-none-eabi-4_7-2012q4/arm-none-eabi/lib//libc.a(lib_a-sbrkr.o)
 .data          0x00000000        0x0 /home/jacob/gcc-arm-none-eabi-4_7-2012q4/arm-none-eabi/lib//libc.a(lib_a-sbrkr.o)
 .bss           0x00000000        0x0 /home/jacob/gcc-arm-none-eabi-4_7-2012q4/arm-none-eabi/lib//libc.a(lib_a-sbrkr.o)
 .text          0x00000000        0x0 /home/jacob/gcc-arm-none-eabi-4_7-2012q4/arm-none-eabi/lib//libc.a(lib_a-strcmp.o)
 .data          0x00000000        0x0 /home/jacob/gcc-arm-none-eabi-4_7-2012q4/arm-none-eabi/lib//libc.a(lib_a-strcmp.o)
 .bss           0x00000000        0x0 /home/jacob/gcc-arm-none-eabi-4_7-2012q4/arm-none-eabi/lib//libc.a(lib_a-strcmp.o)
 .text.strcmp   0x00000000       0x94 /home/jacob/gcc-arm-none-eabi-4_7-2012q4/arm-none-eabi/lib//libc.a(lib_a-strcmp.o)
 .text.strcmp_unaligned
                0x00000000      0x19c /home/jacob/gcc-arm-none-eabi-4_7-2012q4/arm-none-eabi/lib//libc.a(lib_a-strcmp.o)
 .ARM.attributes
                0x00000000       0x30 /home/jacob/gcc-arm-none-eabi-4_7-2012q4/arm-none-eabi/lib//libc.a(lib_a-strcmp.o)
 .debug_frame   0x00000000       0x30 /home/jacob/gcc-arm-none-eabi-4_7-2012q4/arm-none-eabi/lib//libc.a(lib_a-strcmp.o)
 .text          0x00000000        0x0 /home/jacob/gcc-arm-none-eabi-4_7-2012q4/arm-none-eabi/lib//libc.a(lib_a-strlen.o)
 .data          0x00000000        0x0 /home/jacob/gcc-arm-none-eabi-4_7-2012q4/arm-none-eabi/lib//libc.a(lib_a-strlen.o)
 .bss           0x00000000        0x0 /home/jacob/gcc-arm-none-eabi-4_7-2012q4/arm-none-eabi/lib//libc.a(lib_a-strlen.o)
 .text          0x00000000        0x0 /home/jacob/gcc-arm-none-eabi-4_7-2012q4/arm-none-eabi/lib//libc.a(lib_a-svfiprintf.o)
 .data          0x00000000        0x0 /home/jacob/gcc-arm-none-eabi-4_7-2012q4/arm-none-eabi/lib//libc.a(lib_a-svfiprintf.o)
 .bss           0x00000000        0x0 /home/jacob/gcc-arm-none-eabi-4_7-2012q4/arm-none-eabi/lib//libc.a(lib_a-svfiprintf.o)
 .text._svfiprintf_r
                0x00000000     0x1080 /home/jacob/gcc-arm-none-eabi-4_7-2012q4/arm-none-eabi/lib//libc.a(lib_a-svfiprintf.o)
 .rodata.zeroes.6665
                0x00000000       0x10 /home/jacob/gcc-arm-none-eabi-4_7-2012q4/arm-none-eabi/lib//libc.a(lib_a-svfiprintf.o)
 .rodata.str1.4
                0x00000000       0x30 /home/jacob/gcc-arm-none-eabi-4_7-2012q4/arm-none-eabi/lib//libc.a(lib_a-svfiprintf.o)
 .rodata.blanks.6664
                0x00000000       0x10 /home/jacob/gcc-arm-none-eabi-4_7-2012q4/arm-none-eabi/lib//libc.a(lib_a-svfiprintf.o)
 .text          0x00000000        0x0 /home/jacob/gcc-arm-none-eabi-4_7-2012q4/arm-none-eabi/lib//libc.a(lib_a-callocr.o)
 .data          0x00000000        0x0 /home/jacob/gcc-arm-none-eabi-4_7-2012q4/arm-none-eabi/lib//libc.a(lib_a-callocr.o)
 .bss           0x00000000        0x0 /home/jacob/gcc-arm-none-eabi-4_7-2012q4/arm-none-eabi/lib//libc.a(lib_a-callocr.o)
 .text          0x00000000        0x0 /home/jacob/gcc-arm-none-eabi-4_7-2012q4/arm-none-eabi/lib//libc.a(lib_a-freer.o)
 .data          0x00000000        0x0 /home/jacob/gcc-arm-none-eabi-4_7-2012q4/arm-none-eabi/lib//libc.a(lib_a-freer.o)
 .bss           0x00000000        0x0 /home/jacob/gcc-arm-none-eabi-4_7-2012q4/arm-none-eabi/lib//libc.a(lib_a-freer.o)
 .text          0x00000000        0x0 /home/jacob/gcc-arm-none-eabi-4_7-2012q4/arm-none-eabi/lib//libc.a(lib_a-memmove.o)
 .data          0x00000000        0x0 /home/jacob/gcc-arm-none-eabi-4_7-2012q4/arm-none-eabi/lib//libc.a(lib_a-memmove.o)
 .bss           0x00000000        0x0 /home/jacob/gcc-arm-none-eabi-4_7-2012q4/arm-none-eabi/lib//libc.a(lib_a-memmove.o)
 .text          0x00000000        0x0 /home/jacob/gcc-arm-none-eabi-4_7-2012q4/arm-none-eabi/lib//libc.a(lib_a-memset.o)
 .data          0x00000000        0x0 /home/jacob/gcc-arm-none-eabi-4_7-2012q4/arm-none-eabi/lib//libc.a(lib_a-memset.o)
 .bss           0x00000000        0x0 /home/jacob/gcc-arm-none-eabi-4_7-2012q4/arm-none-eabi/lib//libc.a(lib_a-memset.o)
 .text          0x00000000        0x0 /home/jacob/gcc-arm-none-eabi-4_7-2012q4/arm-none-eabi/lib//libc.a(lib_a-reallocr.o)
 .data          0x00000000        0x0 /home/jacob/gcc-arm-none-eabi-4_7-2012q4/arm-none-eabi/lib//libc.a(lib_a-reallocr.o)
 .bss           0x00000000        0x0 /home/jacob/gcc-arm-none-eabi-4_7-2012q4/arm-none-eabi/lib//libc.a(lib_a-reallocr.o)
 .text          0x00000000        0x0 /home/jacob/gcc-arm-none-eabi-4_7-2012q4/arm-none-eabi/lib//libc.a(lib_a-reent.o)
 .data          0x00000000        0x0 /home/jacob/gcc-arm-none-eabi-4_7-2012q4/arm-none-eabi/lib//libc.a(lib_a-reent.o)
 .bss           0x00000000        0x0 /home/jacob/gcc-arm-none-eabi-4_7-2012q4/arm-none-eabi/lib//libc.a(lib_a-reent.o)
 .text.cleanup_glue
                0x00000000       0x2c /home/jacob/gcc-arm-none-eabi-4_7-2012q4/arm-none-eabi/lib//libc.a(lib_a-reent.o)
 .text._reclaim_reent
                0x00000000       0xfc /home/jacob/gcc-arm-none-eabi-4_7-2012q4/arm-none-eabi/lib//libc.a(lib_a-reent.o)
 .text._wrapup_reent
                0x00000000       0x74 /home/jacob/gcc-arm-none-eabi-4_7-2012q4/arm-none-eabi/lib//libc.a(lib_a-reent.o)
 .data          0x00000000        0x0 /home/jacob/gcc-arm-none-eabi-4_7-2012q4/lib/gcc/arm-none-eabi/4.7.3//libgcc.a(_udivsi3.o)
 .bss           0x00000000        0x0 /home/jacob/gcc-arm-none-eabi-4_7-2012q4/lib/gcc/arm-none-eabi/4.7.3//libgcc.a(_udivsi3.o)
 .data          0x00000000        0x0 /home/jacob/gcc-arm-none-eabi-4_7-2012q4/lib/gcc/arm-none-eabi/4.7.3//libgcc.a(_divsi3.o)
 .bss           0x00000000        0x0 /home/jacob/gcc-arm-none-eabi-4_7-2012q4/lib/gcc/arm-none-eabi/4.7.3//libgcc.a(_divsi3.o)
 .data          0x00000000        0x0 /home/jacob/gcc-arm-none-eabi-4_7-2012q4/lib/gcc/arm-none-eabi/4.7.3//libgcc.a(_dvmd_tls.o)
 .bss           0x00000000        0x0 /home/jacob/gcc-arm-none-eabi-4_7-2012q4/lib/gcc/arm-none-eabi/4.7.3//libgcc.a(_dvmd_tls.o)
 .data          0x00000000        0x0 /home/jacob/gcc-arm-none-eabi-4_7-2012q4/lib/gcc/arm-none-eabi/4.7.3//libgcc.a(_arm_addsubdf3.o)
 .bss           0x00000000        0x0 /home/jacob/gcc-arm-none-eabi-4_7-2012q4/lib/gcc/arm-none-eabi/4.7.3//libgcc.a(_arm_addsubdf3.o)
 .data          0x00000000        0x0 /home/jacob/gcc-arm-none-eabi-4_7-2012q4/lib/gcc/arm-none-eabi/4.7.3//libgcc.a(_arm_muldivdf3.o)
 .bss           0x00000000        0x0 /home/jacob/gcc-arm-none-eabi-4_7-2012q4/lib/gcc/arm-none-eabi/4.7.3//libgcc.a(_arm_muldivdf3.o)
 .data          0x00000000        0x0 /home/jacob/gcc-arm-none-eabi-4_7-2012q4/lib/gcc/arm-none-eabi/4.7.3//libgcc.a(_arm_cmpdf2.o)
 .bss           0x00000000        0x0 /home/jacob/gcc-arm-none-eabi-4_7-2012q4/lib/gcc/arm-none-eabi/4.7.3//libgcc.a(_arm_cmpdf2.o)
 .data          0x00000000        0x0 /home/jacob/gcc-arm-none-eabi-4_7-2012q4/lib/gcc/arm-none-eabi/4.7.3//libgcc.a(_arm_fixdfsi.o)
 .bss           0x00000000        0x0 /home/jacob/gcc-arm-none-eabi-4_7-2012q4/lib/gcc/arm-none-eabi/4.7.3//libgcc.a(_arm_fixdfsi.o)
 .data          0x00000000        0x0 /home/jacob/gcc-arm-none-eabi-4_7-2012q4/lib/gcc/arm-none-eabi/4.7.3//libgcc.a(_arm_fixunsdfsi.o)
 .bss           0x00000000        0x0 /home/jacob/gcc-arm-none-eabi-4_7-2012q4/lib/gcc/arm-none-eabi/4.7.3//libgcc.a(_arm_fixunsdfsi.o)
 .data          0x00000000        0x0 /home/jacob/gcc-arm-none-eabi-4_7-2012q4/lib/gcc/arm-none-eabi/4.7.3//libgcc.a(_arm_addsubsf3.o)
 .bss           0x00000000        0x0 /home/jacob/gcc-arm-none-eabi-4_7-2012q4/lib/gcc/arm-none-eabi/4.7.3//libgcc.a(_arm_addsubsf3.o)
 .data          0x00000000        0x0 /home/jacob/gcc-arm-none-eabi-4_7-2012q4/lib/gcc/arm-none-eabi/4.7.3//libgcc.a(_arm_muldivsf3.o)
 .bss           0x00000000        0x0 /home/jacob/gcc-arm-none-eabi-4_7-2012q4/lib/gcc/arm-none-eabi/4.7.3//libgcc.a(_arm_muldivsf3.o)
 .data          0x00000000        0x0 /home/jacob/gcc-arm-none-eabi-4_7-2012q4/lib/gcc/arm-none-eabi/4.7.3//libgcc.a(_aeabi_uldivmod.o)
 .bss           0x00000000        0x0 /home/jacob/gcc-arm-none-eabi-4_7-2012q4/lib/gcc/arm-none-eabi/4.7.3//libgcc.a(_aeabi_uldivmod.o)
 .data          0x00000000        0x0 /home/jacob/gcc-arm-none-eabi-4_7-2012q4/lib/gcc/arm-none-eabi/4.7.3//libgcc.a(bpabi.o)
 .bss           0x00000000        0x0 /home/jacob/gcc-arm-none-eabi-4_7-2012q4/lib/gcc/arm-none-eabi/4.7.3//libgcc.a(bpabi.o)
 .data          0x00000000        0x0 /home/jacob/gcc-arm-none-eabi-4_7-2012q4/lib/gcc/arm-none-eabi/4.7.3//libgcc.a(_divdi3.o)
 .bss           0x00000000        0x0 /home/jacob/gcc-arm-none-eabi-4_7-2012q4/lib/gcc/arm-none-eabi/4.7.3//libgcc.a(_divdi3.o)
 .ARM.extab     0x00000000        0x0 /home/jacob/gcc-arm-none-eabi-4_7-2012q4/lib/gcc/arm-none-eabi/4.7.3//libgcc.a(_divdi3.o)
 .data          0x00000000        0x0 /home/jacob/gcc-arm-none-eabi-4_7-2012q4/lib/gcc/arm-none-eabi/4.7.3//libgcc.a(_udivdi3.o)
 .bss           0x00000000        0x0 /home/jacob/gcc-arm-none-eabi-4_7-2012q4/lib/gcc/arm-none-eabi/4.7.3//libgcc.a(_udivdi3.o)
 .ARM.extab     0x00000000        0x0 /home/jacob/gcc-arm-none-eabi-4_7-2012q4/lib/gcc/arm-none-eabi/4.7.3//libgcc.a(_udivdi3.o)
 .data          0x00000000        0x0 /home/jacob/gcc-arm-none-eabi-4_7-2012q4/lib/gcc/arm-none-eabi/4.7.3//libgcc.a(_clzsi2.o)
 .bss           0x00000000        0x0 /home/jacob/gcc-arm-none-eabi-4_7-2012q4/lib/gcc/arm-none-eabi/4.7.3//libgcc.a(_clzsi2.o)

Memory Configuration

Name             Origin             Length             Attributes
DDR0             0x80000000         0x10000000
*default*        0x00000000         0xffffffff

Linker script and memory map

LOAD Release/test.o
LOAD ..//test/binary/drivers/Release/libmaacs_drivers.a
LOAD ..//system_config/binary/Release/libsystem_config.a
LOAD /home/jacob/gcc-arm-none-eabi-4_7-2012q4/arm-none-eabi/lib//libc.a
LOAD /home/jacob/gcc-arm-none-eabi-4_7-2012q4/lib/gcc/arm-none-eabi/4.7.3//libgcc.a
LOAD ..//test/binary/drivers/Release/libmaacs_drivers.a
LOAD ..//system_config/binary/Release/libsystem_config.a
LOAD /home/jacob/gcc-arm-none-eabi-4_7-2012q4/arm-none-eabi/lib//libc.a
LOAD /home/jacob/gcc-arm-none-eabi-4_7-2012q4/lib/gcc/arm-none-eabi/4.7.3//libgcc.a

.startcode      0x80000000       0xb4
                0x80000000                . = ALIGN (0x4)
 *init.o(.text)
 .text          0x80000000       0xb4 ..//system_config/binary/Release/libsystem_config.a(init.o)
                0x80000000                Entry

.text           0x800000b8     0x8d50
                0x800000b8                . = ALIGN (0x4)
 *(.text*)
 .text.startup.main
                0x800000b8      0x170 Release/test.o
                0x800000b8                main
 .text.pll_init
                0x80000228      0x4b0 ..//test/binary/drivers/Release/libmaacs_drivers.a(clocks.o)
                0x80000228                pll_init
 .text.enable_uart0_pin_mux
                0x800006d8       0x34 ..//test/binary/drivers/Release/libmaacs_drivers.a(control_module.o)
                0x800006d8                enable_uart0_pin_mux
 .text.enable_i2c0_pin_mux
                0x8000070c       0x34 ..//test/binary/drivers/Release/libmaacs_drivers.a(control_module.o)
                0x8000070c                enable_i2c0_pin_mux
 .text.enable_mmc0_pin_mux
                0x80000740       0x34 ..//test/binary/drivers/Release/libmaacs_drivers.a(control_module.o)
                0x80000740                enable_mmc0_pin_mux
 .text.enable_tmr4_pin_mux
                0x80000774       0x34 ..//test/binary/drivers/Release/libmaacs_drivers.a(control_module.o)
                0x80000774                enable_tmr4_pin_mux
 .text.enable_tmr5_pin_mux
                0x800007a8       0x34 ..//test/binary/drivers/Release/libmaacs_drivers.a(control_module.o)
                0x800007a8                enable_tmr5_pin_mux
 .text.enable_tmr7_pin_mux
                0x800007dc       0x34 ..//test/binary/drivers/Release/libmaacs_drivers.a(control_module.o)
                0x800007dc                enable_tmr7_pin_mux
 .text.dbg_setup
                0x80000810       0x50 ..//test/binary/drivers/Release/libmaacs_drivers.a(dbg.o)
                0x80000810                dbg_setup
 .text.dbg_puts
                0x80000860       0x24 ..//test/binary/drivers/Release/libmaacs_drivers.a(dbg.o)
                0x80000860                dbg_puts
 .text._sbrk    0x80000884       0x40 ..//test/binary/drivers/Release/libmaacs_drivers.a(dbg.o)
                0x80000884                _sbrk
 .text.pwm_start
                0x800008c4       0x18 ..//test/binary/drivers/Release/libmaacs_drivers.a(pwm.o)
                0x800008c4                pwm_start
 .text.pwm_polarity
                0x800008dc       0x20 ..//test/binary/drivers/Release/libmaacs_drivers.a(pwm.o)
                0x800008dc                pwm_polarity
 .text.pwm_period
                0x800008fc       0x30 ..//test/binary/drivers/Release/libmaacs_drivers.a(pwm.o)
                0x800008fc                pwm_period
 .text.pwm_duty_cycle
                0x8000092c       0xc4 ..//test/binary/drivers/Release/libmaacs_drivers.a(pwm.o)
                0x8000092c                pwm_duty_cycle
 .text.pwm_setup
                0x800009f0       0xa0 ..//test/binary/drivers/Release/libmaacs_drivers.a(pwm.o)
                0x800009f0                pwm_setup
 .text.timer_soft_reset
                0x80000a90       0x1c ..//test/binary/drivers/Release/libmaacs_drivers.a(timer.o)
                0x80000a90                timer_soft_reset
 .text.timer_start
                0x80000aac       0x28 ..//test/binary/drivers/Release/libmaacs_drivers.a(timer.o)
                0x80000aac                timer_start
 .text.timer_stop
                0x80000ad4       0x28 ..//test/binary/drivers/Release/libmaacs_drivers.a(timer.o)
                0x80000ad4                timer_stop
 .text.timer_disable_int
                0x80000afc       0x10 ..//test/binary/drivers/Release/libmaacs_drivers.a(timer.o)
                0x80000afc                timer_disable_int
 .text.timer_wait_to_write
                0x80000b0c       0x1c ..//test/binary/drivers/Release/libmaacs_drivers.a(timer.o)
                0x80000b0c                timer_wait_to_write
 .text.timer_set_prescaler
                0x80000b28       0x9c ..//test/binary/drivers/Release/libmaacs_drivers.a(timer.o)
                0x80000b28                timer_set_prescaler
 .text.timer_set_polarity
                0x80000bc4       0x5c ..//test/binary/drivers/Release/libmaacs_drivers.a(timer.o)
                0x80000bc4                timer_set_polarity
 .text.timer_set_period
                0x80000c20       0x78 ..//test/binary/drivers/Release/libmaacs_drivers.a(timer.o)
                0x80000c20                timer_set_period
 .text.timer_set_cnt
                0x80000c98       0x20 ..//test/binary/drivers/Release/libmaacs_drivers.a(timer.o)
                0x80000c98                timer_set_cnt
 .text.timer_trigger_reload
                0x80000cb8       0x24 ..//test/binary/drivers/Release/libmaacs_drivers.a(timer.o)
                0x80000cb8                timer_trigger_reload
 .text.uart_baudrate
                0x80000cdc       0x98 ..//test/binary/drivers/Release/libmaacs_drivers.a(uart.o)
                0x80000cdc                uart_baudrate
 .text.uart_setup
                0x80000d74      0x12c ..//test/binary/drivers/Release/libmaacs_drivers.a(uart.o)
                0x80000d74                uart_setup
 .text.uart_puts
                0x80000ea0       0x80 ..//test/binary/drivers/Release/libmaacs_drivers.a(uart.o)
                0x80000ea0                uart_puts
 .text.util_setup
                0x80000f20       0x40 ..//test/binary/drivers/Release/libmaacs_drivers.a(util.o)
                0x80000f20                util_setup
 .text.stopwatch_start
                0x80000f60       0x34 ..//test/binary/drivers/Release/libmaacs_drivers.a(util.o)
                0x80000f60                stopwatch_start
 .text.stopwatch_stop
                0x80000f94       0x68 ..//test/binary/drivers/Release/libmaacs_drivers.a(util.o)
                0x80000f94                stopwatch_stop
 .text.start_boot
                0x80000ffc       0x60 ..//system_config/binary/Release/libsystem_config.a(startup.o)
                0x80000ffc                start_boot
 .text          0x8000105c      0x488 ..//system_config/binary/Release/libsystem_config.a(cp15.o)
                0x8000105c                CP15ICacheDisable
                0x80001078                CP15DCacheDisable
                0x80001094                CP15ICacheEnable
                0x800010a4                CP15DCacheEnable
                0x800010b4                CP15DCacheFlush
                0x80001148                CP15DCacheClean
                0x800011dc                CP15DCacheCleanFlush
                0x80001270                CP15ICacheFlush
                0x80001280                CP15DCacheCleanBuff
                0x800012d4                CP15DCacheCleanFlushBuff
                0x80001328                CP15DCacheFlushBuff
                0x8000138c                CP15ICacheFlushBuff
                0x800013e0                CP15Ttb0Set
                0x800013ec                CP15TlbInvalidate
                0x800013f8                CP15MMUDisable
                0x80001410                CP15MMUEnable
                0x80001424                CP15VectorBaseAddrSet
                0x80001430                CP15BranchPredictorInvalidate
                0x8000143c                CP15BranchPredictionEnable
                0x8000144c                CP15BranchPredictionDisable
                0x8000145c                CP15DomainAccessClientSet
                0x8000146c                CP15ControlFeatureDisable
                0x80001480                CP15ControlFeatureEnable
                0x80001494                CP15TtbCtlTtb0Config
                0x800014a4                CP15AuxControlFeatureEnable
                0x800014b8                CP15AuxControlFeatureDisable
                0x800014cc                CP15MainIdPrimPartNumGet
 .text          0x800014e4       0xf0 ..//system_config/binary/Release/libsystem_config.a(exceptionhandler.o)
                0x800014e4                SVC_Handler
                0x8000150c                IRQHandler
                0x800015b8                FIQHandler
                0x800015bc                UndefInstHandler
                0x800015bc                AbortHandler
 .text.sprintf  0x800015d4       0x74 /home/jacob/gcc-arm-none-eabi-4_7-2012q4/arm-none-eabi/lib//libc.a(lib_a-sprintf.o)
                0x800015d4                sprintf
 .text._svfprintf_r
                0x80001648     0x1f80 /home/jacob/gcc-arm-none-eabi-4_7-2012q4/arm-none-eabi/lib//libc.a(lib_a-svfprintf.o)
                0x80001648                _svfprintf_r
 .text.quorem   0x800035c8      0x1e0 /home/jacob/gcc-arm-none-eabi-4_7-2012q4/arm-none-eabi/lib//libc.a(lib_a-dtoa.o)
 .text._dtoa_r  0x800037a8     0x1698 /home/jacob/gcc-arm-none-eabi-4_7-2012q4/arm-none-eabi/lib//libc.a(lib_a-dtoa.o)
                0x800037a8                _dtoa_r
 .text._localeconv_r
                0x80004e40        0xc /home/jacob/gcc-arm-none-eabi-4_7-2012q4/arm-none-eabi/lib//libc.a(lib_a-locale.o)
                0x80004e40                _localeconv_r
 .text._malloc_r
                0x80004e4c      0x73c /home/jacob/gcc-arm-none-eabi-4_7-2012q4/arm-none-eabi/lib//libc.a(lib_a-mallocr.o)
                0x80004e4c                _malloc_r
 .text.memchr   0x80005588      0x11c /home/jacob/gcc-arm-none-eabi-4_7-2012q4/arm-none-eabi/lib//libc.a(lib_a-memchr.o)
                0x80005588                memchr
 .text.memcpy   0x800056a4       0xf4 /home/jacob/gcc-arm-none-eabi-4_7-2012q4/arm-none-eabi/lib//libc.a(lib_a-memcpy.o)
                0x800056a4                memcpy
 .text.__malloc_lock
                0x80005798        0x4 /home/jacob/gcc-arm-none-eabi-4_7-2012q4/arm-none-eabi/lib//libc.a(lib_a-mlock.o)
                0x80005798                __malloc_lock
 .text.__malloc_unlock
                0x8000579c        0x4 /home/jacob/gcc-arm-none-eabi-4_7-2012q4/arm-none-eabi/lib//libc.a(lib_a-mlock.o)
                0x8000579c                __malloc_unlock
 .text._Balloc  0x800057a0       0x8c /home/jacob/gcc-arm-none-eabi-4_7-2012q4/arm-none-eabi/lib//libc.a(lib_a-mprec.o)
                0x800057a0                _Balloc
 .text._Bfree   0x8000582c       0x1c /home/jacob/gcc-arm-none-eabi-4_7-2012q4/arm-none-eabi/lib//libc.a(lib_a-mprec.o)
                0x8000582c                _Bfree
 .text.__multadd
                0x80005848       0xdc /home/jacob/gcc-arm-none-eabi-4_7-2012q4/arm-none-eabi/lib//libc.a(lib_a-mprec.o)
                0x80005848                __multadd
 .text.__hi0bits
                0x80005924       0x50 /home/jacob/gcc-arm-none-eabi-4_7-2012q4/arm-none-eabi/lib//libc.a(lib_a-mprec.o)
                0x80005924                __hi0bits
 .text.__lo0bits
                0x80005974       0x94 /home/jacob/gcc-arm-none-eabi-4_7-2012q4/arm-none-eabi/lib//libc.a(lib_a-mprec.o)
                0x80005974                __lo0bits
 .text.__i2b    0x80005a08       0x24 /home/jacob/gcc-arm-none-eabi-4_7-2012q4/arm-none-eabi/lib//libc.a(lib_a-mprec.o)
                0x80005a08                __i2b
 .text.__multiply
                0x80005a2c      0x1e4 /home/jacob/gcc-arm-none-eabi-4_7-2012q4/arm-none-eabi/lib//libc.a(lib_a-mprec.o)
                0x80005a2c                __multiply
 .text.__pow5mult
                0x80005c10       0xf4 /home/jacob/gcc-arm-none-eabi-4_7-2012q4/arm-none-eabi/lib//libc.a(lib_a-mprec.o)
                0x80005c10                __pow5mult
 .text.__lshift
                0x80005d04      0x104 /home/jacob/gcc-arm-none-eabi-4_7-2012q4/arm-none-eabi/lib//libc.a(lib_a-mprec.o)
                0x80005d04                __lshift
 .text.__mcmp   0x80005e08       0x64 /home/jacob/gcc-arm-none-eabi-4_7-2012q4/arm-none-eabi/lib//libc.a(lib_a-mprec.o)
                0x80005e08                __mcmp
 .text.__mdiff  0x80005e6c      0x14c /home/jacob/gcc-arm-none-eabi-4_7-2012q4/arm-none-eabi/lib//libc.a(lib_a-mprec.o)
                0x80005e6c                __mdiff
 .text.__d2b    0x80005fb8      0x108 /home/jacob/gcc-arm-none-eabi-4_7-2012q4/arm-none-eabi/lib//libc.a(lib_a-mprec.o)
                0x80005fb8                __d2b
 .text.__fpclassifyd
                0x800060c0       0x6c /home/jacob/gcc-arm-none-eabi-4_7-2012q4/arm-none-eabi/lib//libc.a(lib_a-s_fpclassify.o)
                0x800060c0                __fpclassifyd
 .text._sbrk_r  0x8000612c       0x40 /home/jacob/gcc-arm-none-eabi-4_7-2012q4/arm-none-eabi/lib//libc.a(lib_a-sbrkr.o)
                0x8000612c                _sbrk_r
 .text.strlen   0x8000616c       0x60 /home/jacob/gcc-arm-none-eabi-4_7-2012q4/arm-none-eabi/lib//libc.a(lib_a-strlen.o)
                0x8000616c                strlen
 .text.__ssprint_r
                0x800061cc      0x1a4 /home/jacob/gcc-arm-none-eabi-4_7-2012q4/arm-none-eabi/lib//libc.a(lib_a-svfiprintf.o)
                0x800061cc                __ssprint_r
 .text._calloc_r
                0x80006370       0x94 /home/jacob/gcc-arm-none-eabi-4_7-2012q4/arm-none-eabi/lib//libc.a(lib_a-callocr.o)
                0x80006370                _calloc_r
 .text._malloc_trim_r
                0x80006404       0xfc /home/jacob/gcc-arm-none-eabi-4_7-2012q4/arm-none-eabi/lib//libc.a(lib_a-freer.o)
                0x80006404                _malloc_trim_r
 .text._free_r  0x80006500      0x26c /home/jacob/gcc-arm-none-eabi-4_7-2012q4/arm-none-eabi/lib//libc.a(lib_a-freer.o)
                0x80006500                _free_r
 .text.memmove  0x8000676c      0x134 /home/jacob/gcc-arm-none-eabi-4_7-2012q4/arm-none-eabi/lib//libc.a(lib_a-memmove.o)
                0x8000676c                memmove
 .text.memset   0x800068a0       0xf8 /home/jacob/gcc-arm-none-eabi-4_7-2012q4/arm-none-eabi/lib//libc.a(lib_a-memset.o)
                0x800068a0                memset
 .text._realloc_r
                0x80006998      0x574 /home/jacob/gcc-arm-none-eabi-4_7-2012q4/arm-none-eabi/lib//libc.a(lib_a-reallocr.o)
                0x80006998                _realloc_r
 .text          0x80006f0c      0x114 /home/jacob/gcc-arm-none-eabi-4_7-2012q4/lib/gcc/arm-none-eabi/4.7.3//libgcc.a(_udivsi3.o)
                0x80006f0c                __udivsi3
                0x80006f0c                __aeabi_uidiv
                0x80007000                __aeabi_uidivmod
 .text          0x80007020      0x148 /home/jacob/gcc-arm-none-eabi-4_7-2012q4/lib/gcc/arm-none-eabi/4.7.3//libgcc.a(_divsi3.o)
                0x80007020                __aeabi_idiv
                0x80007020                __divsi3
                0x80007148                __aeabi_idivmod
 .text          0x80007168        0x4 /home/jacob/gcc-arm-none-eabi-4_7-2012q4/lib/gcc/arm-none-eabi/4.7.3//libgcc.a(_dvmd_tls.o)
                0x80007168                __aeabi_ldiv0
                0x80007168                __aeabi_idiv0
 .text          0x8000716c      0x41c /home/jacob/gcc-arm-none-eabi-4_7-2012q4/lib/gcc/arm-none-eabi/4.7.3//libgcc.a(_arm_addsubdf3.o)
                0x8000716c                __aeabi_drsub
                0x80007174                __aeabi_dsub
                0x80007174                __subdf3
                0x80007178                __adddf3
                0x80007178                __aeabi_dadd
                0x80007488                __aeabi_ui2d
                0x80007488                __floatunsidf
                0x800074ac                __floatsidf
                0x800074ac                __aeabi_i2d
                0x800074d4                __extendsfdf2
                0x800074d4                __aeabi_f2d
                0x80007514                __aeabi_ul2d
                0x80007514                __floatundidf
                0x80007528                __floatdidf
                0x80007528                __aeabi_l2d
 .text          0x80007588      0x49c /home/jacob/gcc-arm-none-eabi-4_7-2012q4/lib/gcc/arm-none-eabi/4.7.3//libgcc.a(_arm_muldivdf3.o)
                0x80007588                __aeabi_dmul
                0x80007588                __muldf3
                0x80007818                __aeabi_ddiv
                0x80007818                __divdf3
 .text          0x80007a24      0x144 /home/jacob/gcc-arm-none-eabi-4_7-2012q4/lib/gcc/arm-none-eabi/4.7.3//libgcc.a(_arm_cmpdf2.o)
                0x80007a24                __gtdf2
                0x80007a24                __gedf2
                0x80007a2c                __ltdf2
                0x80007a2c                __ledf2
                0x80007a34                __cmpdf2
                0x80007a34                __eqdf2
                0x80007a34                __nedf2
                0x80007abc                __aeabi_cdrcmple
                0x80007ad8                __aeabi_cdcmple
                0x80007ad8                __aeabi_cdcmpeq
                0x80007af0                __aeabi_dcmpeq
                0x80007b08                __aeabi_dcmplt
                0x80007b20                __aeabi_dcmple
                0x80007b38                __aeabi_dcmpge
                0x80007b50                __aeabi_dcmpgt
 .text          0x80007b68       0x5c /home/jacob/gcc-arm-none-eabi-4_7-2012q4/lib/gcc/arm-none-eabi/4.7.3//libgcc.a(_arm_fixdfsi.o)
                0x80007b68                __fixdfsi
                0x80007b68                __aeabi_d2iz
 .text          0x80007bc4       0x54 /home/jacob/gcc-arm-none-eabi-4_7-2012q4/lib/gcc/arm-none-eabi/4.7.3//libgcc.a(_arm_fixunsdfsi.o)
                0x80007bc4                __fixunsdfsi
                0x80007bc4                __aeabi_d2uiz
 .text          0x80007c18      0x2ac /home/jacob/gcc-arm-none-eabi-4_7-2012q4/lib/gcc/arm-none-eabi/4.7.3//libgcc.a(_arm_addsubsf3.o)
                0x80007c18                __aeabi_frsub
                0x80007c20                __subsf3
                0x80007c20                __aeabi_fsub
                0x80007c24                __aeabi_fadd
                0x80007c24                __addsf3
                0x80007de0                __aeabi_ui2f
                0x80007de0                __floatunsisf
                0x80007de8                __aeabi_i2f
                0x80007de8                __floatsisf
                0x80007e08                __floatundisf
                0x80007e08                __aeabi_ul2f
                0x80007e18                __floatdisf
                0x80007e18                __aeabi_l2f
 .text          0x80007ec4      0x2f8 /home/jacob/gcc-arm-none-eabi-4_7-2012q4/lib/gcc/arm-none-eabi/4.7.3//libgcc.a(_arm_muldivsf3.o)
                0x80007ec4                __mulsf3
                0x80007ec4                __aeabi_fmul
                0x8000805c                __divsf3
                0x8000805c                __aeabi_fdiv
 .text          0x800081bc       0x3c /home/jacob/gcc-arm-none-eabi-4_7-2012q4/lib/gcc/arm-none-eabi/4.7.3//libgcc.a(_aeabi_uldivmod.o)
                0x800081bc                __aeabi_uldivmod
 .text          0x800081f8       0x84 /home/jacob/gcc-arm-none-eabi-4_7-2012q4/lib/gcc/arm-none-eabi/4.7.3//libgcc.a(bpabi.o)
                0x800081f8                __gnu_ldivmod_helper
                0x8000823c                __gnu_uldivmod_helper
 .text          0x8000827c      0x4f0 /home/jacob/gcc-arm-none-eabi-4_7-2012q4/lib/gcc/arm-none-eabi/4.7.3//libgcc.a(_divdi3.o)
                0x8000827c                __divdi3
 .text          0x8000876c      0x488 /home/jacob/gcc-arm-none-eabi-4_7-2012q4/lib/gcc/arm-none-eabi/4.7.3//libgcc.a(_udivdi3.o)
                0x8000876c                __udivdi3
 .text          0x80008bf4       0x48 /home/jacob/gcc-arm-none-eabi-4_7-2012q4/lib/gcc/arm-none-eabi/4.7.3//libgcc.a(_clzsi2.o)
                0x80008bf4                __clzsi2
 *(.rodata*)
 .rodata.str1.4
                0x80008c3c        0xd Release/test.o
                                 0x10 (size before relaxing)
 *fill*         0x80008c49        0x3 00
 .rodata.vecTbl
                0x80008c4c       0x38 ..//system_config/binary/Release/libsystem_config.a(startup.o)
 .rodata.str1.4
                0x80008c84       0x42 /home/jacob/gcc-arm-none-eabi-4_7-2012q4/arm-none-eabi/lib//libc.a(lib_a-svfprintf.o)
                                 0x44 (size before relaxing)
 *fill*         0x80008cc6        0x2 00
 .rodata.zeroes.6721
                0x80008cc8       0x10 /home/jacob/gcc-arm-none-eabi-4_7-2012q4/arm-none-eabi/lib//libc.a(lib_a-svfprintf.o)
 .rodata.blanks.6720
                0x80008cd8       0x10 /home/jacob/gcc-arm-none-eabi-4_7-2012q4/arm-none-eabi/lib//libc.a(lib_a-svfprintf.o)
 .rodata.str1.4
                0x80008ce8       0x10 /home/jacob/gcc-arm-none-eabi-4_7-2012q4/arm-none-eabi/lib//libc.a(lib_a-dtoa.o)
                                 0x14 (size before relaxing)
 .rodata.str1.4
                0x80008cf8        0x2 /home/jacob/gcc-arm-none-eabi-4_7-2012q4/arm-none-eabi/lib//libc.a(lib_a-impure.o)
                                  0x4 (size before relaxing)
 *fill*         0x80008cfa        0x2 00
 .rodata.str1.4
                0x80008cfc        0xc /home/jacob/gcc-arm-none-eabi-4_7-2012q4/arm-none-eabi/lib//libc.a(lib_a-locale.o)
                                 0x14 (size before relaxing)
 .rodata.p05.5242
                0x80008d08        0xc /home/jacob/gcc-arm-none-eabi-4_7-2012q4/arm-none-eabi/lib//libc.a(lib_a-mprec.o)
 *fill*         0x80008d14        0x4 00
 .rodata.__mprec_tens
                0x80008d18       0xc8 /home/jacob/gcc-arm-none-eabi-4_7-2012q4/arm-none-eabi/lib//libc.a(lib_a-mprec.o)
                0x80008d18                __mprec_tens
 .rodata.__mprec_bigtens
                0x80008de0       0x28 /home/jacob/gcc-arm-none-eabi-4_7-2012q4/arm-none-eabi/lib//libc.a(lib_a-mprec.o)
                0x80008de0                __mprec_bigtens

.glue_7         0x80008e08        0x0
 .glue_7        0x00000000        0x0 linker stubs

.glue_7t        0x80008e08        0x0
 .glue_7t       0x00000000        0x0 linker stubs

.vfp11_veneer   0x80008e08        0x0
 .vfp11_veneer  0x00000000        0x0 linker stubs

.v4_bx          0x80008e08        0x0
 .v4_bx         0x00000000        0x0 linker stubs

.iplt           0x80008e08        0x0
 .iplt          0x00000000        0x0 Release/test.o

.rel.dyn        0x80008e08        0x0
 .rel.iplt      0x00000000        0x0 Release/test.o

.ARM.exidx      0x80008e08        0x8
 .ARM.exidx     0x80008e08        0x8 /home/jacob/gcc-arm-none-eabi-4_7-2012q4/lib/gcc/arm-none-eabi/4.7.3//libgcc.a(_divdi3.o)
 .ARM.exidx     0x80008e10        0x0 /home/jacob/gcc-arm-none-eabi-4_7-2012q4/lib/gcc/arm-none-eabi/4.7.3//libgcc.a(_udivdi3.o)
                                  0x8 (size before relaxing)

.data           0x80008e10      0x924
                0x80008e10                . = ALIGN (0x4)
 *(.data*)
 .data.tmr4     0x80008e10        0x4 Release/test.o
                0x80008e10                tmr4
 .data.tmr5     0x80008e14        0x4 Release/test.o
                0x80008e14                tmr5
 .data.tmr7     0x80008e18        0x4 Release/test.o
                0x80008e18                tmr7
 .data.tmr7_pin_mux
                0x80008e1c       0x10 ..//test/binary/drivers/Release/libmaacs_drivers.a(control_module.o)
 .data.tmr5_pin_mux
                0x80008e2c       0x10 ..//test/binary/drivers/Release/libmaacs_drivers.a(control_module.o)
 .data.mmc0_pin_mux
                0x80008e3c       0x40 ..//test/binary/drivers/Release/libmaacs_drivers.a(control_module.o)
 .data.i2c0_pin_mux
                0x80008e7c       0x18 ..//test/binary/drivers/Release/libmaacs_drivers.a(control_module.o)
 .data.tmr4_pin_mux
                0x80008e94       0x10 ..//test/binary/drivers/Release/libmaacs_drivers.a(control_module.o)
 .data.uart0_pin_mux
                0x80008ea4       0x18 ..//test/binary/drivers/Release/libmaacs_drivers.a(control_module.o)
 *fill*         0x80008ebc        0x4 00
 .data.impure_data
                0x80008ec0      0x428 /home/jacob/gcc-arm-none-eabi-4_7-2012q4/arm-none-eabi/lib//libc.a(lib_a-impure.o)
 .data._impure_ptr
                0x800092e8        0x4 /home/jacob/gcc-arm-none-eabi-4_7-2012q4/arm-none-eabi/lib//libc.a(lib_a-impure.o)
                0x800092e8                _impure_ptr
 .data.lconv    0x800092ec       0x38 /home/jacob/gcc-arm-none-eabi-4_7-2012q4/arm-none-eabi/lib//libc.a(lib_a-locale.o)
 .data.__malloc_av_
                0x80009324      0x408 /home/jacob/gcc-arm-none-eabi-4_7-2012q4/arm-none-eabi/lib//libc.a(lib_a-mallocr.o)
                0x80009324                __malloc_av_
 .data.__malloc_trim_threshold
                0x8000972c        0x4 /home/jacob/gcc-arm-none-eabi-4_7-2012q4/arm-none-eabi/lib//libc.a(lib_a-mallocr.o)
                0x8000972c                __malloc_trim_threshold
 .data.__malloc_sbrk_base
                0x80009730        0x4 /home/jacob/gcc-arm-none-eabi-4_7-2012q4/arm-none-eabi/lib//libc.a(lib_a-mallocr.o)
                0x80009730                __malloc_sbrk_base

.igot.plt       0x80009734        0x0
 .igot.plt      0x00000000        0x0 Release/test.o

.bss            0x80009734      0x34c
                0x80009734                . = ALIGN (0x4)
                0x80009734                _bss_start = .
 *(.bss*)
 .bss.dbgprt    0x80009734       0x18 ..//test/binary/drivers/Release/libmaacs_drivers.a(dbg.o)
 .bss.heap_end  0x8000974c        0x4 ..//test/binary/drivers/Release/libmaacs_drivers.a(dbg.o)
 .bss.__malloc_max_total_mem
                0x80009750        0x4 /home/jacob/gcc-arm-none-eabi-4_7-2012q4/arm-none-eabi/lib//libc.a(lib_a-mallocr.o)
                0x80009750                __malloc_max_total_mem
 .bss.__malloc_max_sbrked_mem
                0x80009754        0x4 /home/jacob/gcc-arm-none-eabi-4_7-2012q4/arm-none-eabi/lib//libc.a(lib_a-mallocr.o)
                0x80009754                __malloc_max_sbrked_mem
 .bss.__malloc_top_pad
                0x80009758        0x4 /home/jacob/gcc-arm-none-eabi-4_7-2012q4/arm-none-eabi/lib//libc.a(lib_a-mallocr.o)
                0x80009758                __malloc_top_pad
 .bss.__malloc_current_mallinfo
                0x8000975c       0x28 /home/jacob/gcc-arm-none-eabi-4_7-2012q4/arm-none-eabi/lib//libc.a(lib_a-mallocr.o)
                0x8000975c                __malloc_current_mallinfo
 *(COMMON)
 COMMON         0x80009784       0xf6 Release/test.o
                0x80009784                sdCard
                0x800097d4                pwm4
                0x800097e4                dbgstr
                0x80009818                mysdcard
                0x80009828                pwm7
                0x80009838                pwm5
                0x80009848                test_data
 *fill*         0x8000987a        0x2 00
 COMMON         0x8000987c      0x200 ..//system_config/binary/Release/libsystem_config.a(interrupt.o)
                0x8000987c                fnRAMVectors
 COMMON         0x80009a7c        0x4 /home/jacob/gcc-arm-none-eabi-4_7-2012q4/arm-none-eabi/lib//libc.a(lib_a-reent.o)
                0x80009a7c                errno
                0x80009a80                _bss_end = .

.heap           0x80009a80    0x10000
                0x80009a80                . = ALIGN (0x4)
                0x80009a80                __end__ = .
                0x80009a80                end = __end__
                0x80009a80                __HeapBase = __end__
                0x80009a80                PROVIDE (HeapBase, __end__)
 *(.heap*)
                0x80019a80                . = (. + 0x10000)
 *fill*         0x80009a80    0x10000 00
                0x80019a80                __HeapLimit = .
                0x80019a80                PROVIDE (HeapLimit, .)

.stack          0x80019a80  0x7fffff8
                0x80019a80                . = ALIGN (0x4)
                0x80019a80                __StackLimit = .
 *(.stack*)
                0x88019a78                . = (. + 0x7fffff8)
 *fill*         0x80019a80  0x7fffff8 00
                0x88019a78                __StackTop = .
                0x88019a78                _stack = __StackTop
OUTPUT(Release/test.out elf32-littlearm)

.debug_info     0x00000000     0x52fe
 .debug_info    0x00000000      0x99a Release/test.o
 .debug_info    0x0000099a      0xf81 ..//test/binary/drivers/Release/libmaacs_drivers.a(clocks.o)
 .debug_info    0x0000191b      0x400 ..//test/binary/drivers/Release/libmaacs_drivers.a(control_module.o)
 .debug_info    0x00001d1b      0x796 ..//test/binary/drivers/Release/libmaacs_drivers.a(dbg.o)
 .debug_info    0x000024b1      0x567 ..//test/binary/drivers/Release/libmaacs_drivers.a(pwm.o)
 .debug_info    0x00002a18      0xc02 ..//test/binary/drivers/Release/libmaacs_drivers.a(timer.o)
 .debug_info    0x0000361a     0x11c6 ..//test/binary/drivers/Release/libmaacs_drivers.a(uart.o)
 .debug_info    0x000047e0      0x3a2 ..//test/binary/drivers/Release/libmaacs_drivers.a(util.o)
 .debug_info    0x00004b82       0x7a ..//system_config/binary/Release/libsystem_config.a(init.o)
 .debug_info    0x00004bfc      0x116 ..//system_config/binary/Release/libsystem_config.a(startup.o)
 .debug_info    0x00004d12       0x7a ..//system_config/binary/Release/libsystem_config.a(cp15.o)
 .debug_info    0x00004d8c       0x8d ..//system_config/binary/Release/libsystem_config.a(exceptionhandler.o)
 .debug_info    0x00004e19      0x4e5 ..//system_config/binary/Release/libsystem_config.a(interrupt.o)

.debug_abbrev   0x00000000      0xf92
 .debug_abbrev  0x00000000      0x11a Release/test.o
 .debug_abbrev  0x0000011a      0x11f ..//test/binary/drivers/Release/libmaacs_drivers.a(clocks.o)
 .debug_abbrev  0x00000239       0xf0 ..//test/binary/drivers/Release/libmaacs_drivers.a(control_module.o)
 .debug_abbrev  0x00000329      0x189 ..//test/binary/drivers/Release/libmaacs_drivers.a(dbg.o)
 .debug_abbrev  0x000004b2      0x166 ..//test/binary/drivers/Release/libmaacs_drivers.a(pwm.o)
 .debug_abbrev  0x00000618      0x22e ..//test/binary/drivers/Release/libmaacs_drivers.a(timer.o)
 .debug_abbrev  0x00000846      0x295 ..//test/binary/drivers/Release/libmaacs_drivers.a(uart.o)
 .debug_abbrev  0x00000adb      0x188 ..//test/binary/drivers/Release/libmaacs_drivers.a(util.o)
 .debug_abbrev  0x00000c63       0x14 ..//system_config/binary/Release/libsystem_config.a(init.o)
 .debug_abbrev  0x00000c77       0xe8 ..//system_config/binary/Release/libsystem_config.a(startup.o)
 .debug_abbrev  0x00000d5f       0x14 ..//system_config/binary/Release/libsystem_config.a(cp15.o)
 .debug_abbrev  0x00000d73       0x14 ..//system_config/binary/Release/libsystem_config.a(exceptionhandler.o)
 .debug_abbrev  0x00000d87      0x20b ..//system_config/binary/Release/libsystem_config.a(interrupt.o)

.debug_loc      0x00000000     0x1fa8
 .debug_loc     0x00000000       0x20 Release/test.o
 .debug_loc     0x00000020      0x956 ..//test/binary/drivers/Release/libmaacs_drivers.a(clocks.o)
 .debug_loc     0x00000976       0xb4 ..//test/binary/drivers/Release/libmaacs_drivers.a(control_module.o)
 .debug_loc     0x00000a2a      0x20f ..//test/binary/drivers/Release/libmaacs_drivers.a(dbg.o)
 .debug_loc     0x00000c39      0x2a0 ..//test/binary/drivers/Release/libmaacs_drivers.a(pwm.o)
 .debug_loc     0x00000ed9      0x516 ..//test/binary/drivers/Release/libmaacs_drivers.a(timer.o)
 .debug_loc     0x000013ef      0x866 ..//test/binary/drivers/Release/libmaacs_drivers.a(uart.o)
 .debug_loc     0x00001c55       0xd7 ..//test/binary/drivers/Release/libmaacs_drivers.a(util.o)
 .debug_loc     0x00001d2c       0x34 ..//system_config/binary/Release/libsystem_config.a(startup.o)
 .debug_loc     0x00001d60      0x248 ..//system_config/binary/Release/libsystem_config.a(interrupt.o)

.debug_aranges  0x00000000      0x440
 .debug_aranges
                0x00000000       0x20 Release/test.o
 .debug_aranges
                0x00000020       0x20 ..//test/binary/drivers/Release/libmaacs_drivers.a(clocks.o)
 .debug_aranges
                0x00000040       0x60 ..//test/binary/drivers/Release/libmaacs_drivers.a(control_module.o)
 .debug_aranges
                0x000000a0       0x68 ..//test/binary/drivers/Release/libmaacs_drivers.a(dbg.o)
 .debug_aranges
                0x00000108       0x48 ..//test/binary/drivers/Release/libmaacs_drivers.a(pwm.o)
 .debug_aranges
                0x00000150       0x90 ..//test/binary/drivers/Release/libmaacs_drivers.a(timer.o)
 .debug_aranges
                0x000001e0       0x98 ..//test/binary/drivers/Release/libmaacs_drivers.a(uart.o)
 .debug_aranges
                0x00000278       0x38 ..//test/binary/drivers/Release/libmaacs_drivers.a(util.o)
 .debug_aranges
                0x000002b0       0x20 ..//system_config/binary/Release/libsystem_config.a(init.o)
 .debug_aranges
                0x000002d0       0x20 ..//system_config/binary/Release/libsystem_config.a(startup.o)
 .debug_aranges
                0x000002f0       0x20 ..//system_config/binary/Release/libsystem_config.a(cp15.o)
 .debug_aranges
                0x00000310       0x20 ..//system_config/binary/Release/libsystem_config.a(exceptionhandler.o)
 .debug_aranges
                0x00000330      0x110 ..//system_config/binary/Release/libsystem_config.a(interrupt.o)

.debug_ranges   0x00000000      0xe38
 .debug_ranges  0x00000000       0x10 Release/test.o
 .debug_ranges  0x00000010      0x6b8 ..//test/binary/drivers/Release/libmaacs_drivers.a(clocks.o)
 .debug_ranges  0x000006c8      0x200 ..//test/binary/drivers/Release/libmaacs_drivers.a(control_module.o)
 .debug_ranges  0x000008c8       0x58 ..//test/binary/drivers/Release/libmaacs_drivers.a(dbg.o)
 .debug_ranges  0x00000920       0x80 ..//test/binary/drivers/Release/libmaacs_drivers.a(pwm.o)
 .debug_ranges  0x000009a0      0x110 ..//test/binary/drivers/Release/libmaacs_drivers.a(timer.o)
 .debug_ranges  0x00000ab0      0x220 ..//test/binary/drivers/Release/libmaacs_drivers.a(uart.o)
 .debug_ranges  0x00000cd0       0x28 ..//test/binary/drivers/Release/libmaacs_drivers.a(util.o)
 .debug_ranges  0x00000cf8       0x10 ..//system_config/binary/Release/libsystem_config.a(startup.o)
 .debug_ranges  0x00000d08      0x130 ..//system_config/binary/Release/libsystem_config.a(interrupt.o)

.debug_line     0x00000000     0x118e
 .debug_line    0x00000000       0xd8 Release/test.o
 .debug_line    0x000000d8      0x13f ..//test/binary/drivers/Release/libmaacs_drivers.a(clocks.o)
 .debug_line    0x00000217      0x179 ..//test/binary/drivers/Release/libmaacs_drivers.a(control_module.o)
 .debug_line    0x00000390      0x223 ..//test/binary/drivers/Release/libmaacs_drivers.a(dbg.o)
 .debug_line    0x000005b3      0x10a ..//test/binary/drivers/Release/libmaacs_drivers.a(pwm.o)
 .debug_line    0x000006bd      0x1db ..//test/binary/drivers/Release/libmaacs_drivers.a(timer.o)
 .debug_line    0x00000898      0x26c ..//test/binary/drivers/Release/libmaacs_drivers.a(uart.o)
 .debug_line    0x00000b04       0xcc ..//test/binary/drivers/Release/libmaacs_drivers.a(util.o)
 .debug_line    0x00000bd0       0x87 ..//system_config/binary/Release/libsystem_config.a(init.o)
 .debug_line    0x00000c57       0x6a ..//system_config/binary/Release/libsystem_config.a(startup.o)
 .debug_line    0x00000cc1      0x17e ..//system_config/binary/Release/libsystem_config.a(cp15.o)
 .debug_line    0x00000e3f       0xad ..//system_config/binary/Release/libsystem_config.a(exceptionhandler.o)
 .debug_line    0x00000eec      0x2a2 ..//system_config/binary/Release/libsystem_config.a(interrupt.o)

.debug_str      0x00000000      0xe66
 .debug_str     0x00000000      0x3cc Release/test.o
                                0x437 (size before relaxing)
 .debug_str     0x000003cc       0xf6 ..//test/binary/drivers/Release/libmaacs_drivers.a(clocks.o)
                                0x1a8 (size before relaxing)
 .debug_str     0x000004c2      0x109 ..//test/binary/drivers/Release/libmaacs_drivers.a(control_module.o)
                                0x275 (size before relaxing)
 .debug_str     0x000005cb      0x22d ..//test/binary/drivers/Release/libmaacs_drivers.a(dbg.o)
                                0x397 (size before relaxing)
 .debug_str     0x000007f8       0x67 ..//test/binary/drivers/Release/libmaacs_drivers.a(pwm.o)
                                0x23b (size before relaxing)
 .debug_str     0x0000085f      0x14e ..//test/binary/drivers/Release/libmaacs_drivers.a(timer.o)
                                0x306 (size before relaxing)
 .debug_str     0x000009ad      0x11b ..//test/binary/drivers/Release/libmaacs_drivers.a(uart.o)
                                0x307 (size before relaxing)
 .debug_str     0x00000ac8       0x68 ..//test/binary/drivers/Release/libmaacs_drivers.a(util.o)
                                0x20e (size before relaxing)
 .debug_str     0x00000b30       0x92 ..//system_config/binary/Release/libsystem_config.a(startup.o)
                                0x105 (size before relaxing)
 .debug_str     0x00000bc2      0x2a4 ..//system_config/binary/Release/libsystem_config.a(interrupt.o)
                                0x350 (size before relaxing)

.comment        0x00000000       0x70
 .comment       0x00000000       0x70 Release/test.o
                                 0x71 (size before relaxing)
 .comment       0x00000000       0x71 ..//test/binary/drivers/Release/libmaacs_drivers.a(clocks.o)
 .comment       0x00000000       0x71 ..//test/binary/drivers/Release/libmaacs_drivers.a(control_module.o)
 .comment       0x00000000       0x71 ..//test/binary/drivers/Release/libmaacs_drivers.a(dbg.o)
 .comment       0x00000000       0x71 ..//test/binary/drivers/Release/libmaacs_drivers.a(pwm.o)
 .comment       0x00000000       0x71 ..//test/binary/drivers/Release/libmaacs_drivers.a(timer.o)
 .comment       0x00000000       0x71 ..//test/binary/drivers/Release/libmaacs_drivers.a(uart.o)
 .comment       0x00000000       0x71 ..//test/binary/drivers/Release/libmaacs_drivers.a(util.o)
 .comment       0x00000000       0x71 ..//system_config/binary/Release/libsystem_config.a(startup.o)
 .comment       0x00000000       0x71 ..//system_config/binary/Release/libsystem_config.a(interrupt.o)

.ARM.attributes
                0x00000000       0x3b
 .ARM.attributes
                0x00000000       0x37 Release/test.o
 .ARM.attributes
                0x00000037       0x37 ..//test/binary/drivers/Release/libmaacs_drivers.a(clocks.o)
 .ARM.attributes
                0x0000006e       0x37 ..//test/binary/drivers/Release/libmaacs_drivers.a(control_module.o)
 .ARM.attributes
                0x000000a5       0x37 ..//test/binary/drivers/Release/libmaacs_drivers.a(dbg.o)
 .ARM.attributes
                0x000000dc       0x37 ..//test/binary/drivers/Release/libmaacs_drivers.a(pwm.o)
 .ARM.attributes
                0x00000113       0x37 ..//test/binary/drivers/Release/libmaacs_drivers.a(timer.o)
 .ARM.attributes
                0x0000014a       0x37 ..//test/binary/drivers/Release/libmaacs_drivers.a(uart.o)
 .ARM.attributes
                0x00000181       0x37 ..//test/binary/drivers/Release/libmaacs_drivers.a(util.o)
 .ARM.attributes
                0x000001b8       0x23 ..//system_config/binary/Release/libsystem_config.a(init.o)
 .ARM.attributes
                0x000001db       0x3d ..//system_config/binary/Release/libsystem_config.a(startup.o)
 .ARM.attributes
                0x00000218       0x23 ..//system_config/binary/Release/libsystem_config.a(cp15.o)
 .ARM.attributes
                0x0000023b       0x23 ..//system_config/binary/Release/libsystem_config.a(exceptionhandler.o)
 .ARM.attributes
                0x0000025e       0x3d ..//system_config/binary/Release/libsystem_config.a(interrupt.o)
 .ARM.attributes
                0x0000029b       0x30 /home/jacob/gcc-arm-none-eabi-4_7-2012q4/arm-none-eabi/lib//libc.a(lib_a-sprintf.o)
 .ARM.attributes
                0x000002cb       0x30 /home/jacob/gcc-arm-none-eabi-4_7-2012q4/arm-none-eabi/lib//libc.a(lib_a-svfprintf.o)
 .ARM.attributes
                0x000002fb       0x30 /home/jacob/gcc-arm-none-eabi-4_7-2012q4/arm-none-eabi/lib//libc.a(lib_a-dtoa.o)
 .ARM.attributes
                0x0000032b       0x30 /home/jacob/gcc-arm-none-eabi-4_7-2012q4/arm-none-eabi/lib//libc.a(lib_a-impure.o)
 .ARM.attributes
                0x0000035b       0x30 /home/jacob/gcc-arm-none-eabi-4_7-2012q4/arm-none-eabi/lib//libc.a(lib_a-locale.o)
 .ARM.attributes
                0x0000038b       0x30 /home/jacob/gcc-arm-none-eabi-4_7-2012q4/arm-none-eabi/lib//libc.a(lib_a-mallocr.o)
 .ARM.attributes
                0x000003bb       0x30 /home/jacob/gcc-arm-none-eabi-4_7-2012q4/arm-none-eabi/lib//libc.a(lib_a-memchr.o)
 .ARM.attributes
                0x000003eb       0x30 /home/jacob/gcc-arm-none-eabi-4_7-2012q4/arm-none-eabi/lib//libc.a(lib_a-memcpy.o)
 .ARM.attributes
                0x0000041b       0x30 /home/jacob/gcc-arm-none-eabi-4_7-2012q4/arm-none-eabi/lib//libc.a(lib_a-mlock.o)
 .ARM.attributes
                0x0000044b       0x30 /home/jacob/gcc-arm-none-eabi-4_7-2012q4/arm-none-eabi/lib//libc.a(lib_a-mprec.o)
 .ARM.attributes
                0x0000047b       0x30 /home/jacob/gcc-arm-none-eabi-4_7-2012q4/arm-none-eabi/lib//libc.a(lib_a-s_fpclassify.o)
 .ARM.attributes
                0x000004ab       0x30 /home/jacob/gcc-arm-none-eabi-4_7-2012q4/arm-none-eabi/lib//libc.a(lib_a-sbrkr.o)
 .ARM.attributes
                0x000004db       0x30 /home/jacob/gcc-arm-none-eabi-4_7-2012q4/arm-none-eabi/lib//libc.a(lib_a-strlen.o)
 .ARM.attributes
                0x0000050b       0x30 /home/jacob/gcc-arm-none-eabi-4_7-2012q4/arm-none-eabi/lib//libc.a(lib_a-svfiprintf.o)
 .ARM.attributes
                0x0000053b       0x30 /home/jacob/gcc-arm-none-eabi-4_7-2012q4/arm-none-eabi/lib//libc.a(lib_a-callocr.o)
 .ARM.attributes
                0x0000056b       0x30 /home/jacob/gcc-arm-none-eabi-4_7-2012q4/arm-none-eabi/lib//libc.a(lib_a-freer.o)
 .ARM.attributes
                0x0000059b       0x30 /home/jacob/gcc-arm-none-eabi-4_7-2012q4/arm-none-eabi/lib//libc.a(lib_a-memmove.o)
 .ARM.attributes
                0x000005cb       0x30 /home/jacob/gcc-arm-none-eabi-4_7-2012q4/arm-none-eabi/lib//libc.a(lib_a-memset.o)
 .ARM.attributes
                0x000005fb       0x30 /home/jacob/gcc-arm-none-eabi-4_7-2012q4/arm-none-eabi/lib//libc.a(lib_a-reallocr.o)
 .ARM.attributes
                0x0000062b       0x30 /home/jacob/gcc-arm-none-eabi-4_7-2012q4/arm-none-eabi/lib//libc.a(lib_a-reent.o)
 .ARM.attributes
                0x0000065b       0x18 /home/jacob/gcc-arm-none-eabi-4_7-2012q4/lib/gcc/arm-none-eabi/4.7.3//libgcc.a(_udivsi3.o)
 .ARM.attributes
                0x00000673       0x18 /home/jacob/gcc-arm-none-eabi-4_7-2012q4/lib/gcc/arm-none-eabi/4.7.3//libgcc.a(_divsi3.o)
 .ARM.attributes
                0x0000068b       0x18 /home/jacob/gcc-arm-none-eabi-4_7-2012q4/lib/gcc/arm-none-eabi/4.7.3//libgcc.a(_dvmd_tls.o)
 .ARM.attributes
                0x000006a3       0x18 /home/jacob/gcc-arm-none-eabi-4_7-2012q4/lib/gcc/arm-none-eabi/4.7.3//libgcc.a(_arm_addsubdf3.o)
 .ARM.attributes
                0x000006bb       0x18 /home/jacob/gcc-arm-none-eabi-4_7-2012q4/lib/gcc/arm-none-eabi/4.7.3//libgcc.a(_arm_muldivdf3.o)
 .ARM.attributes
                0x000006d3       0x18 /home/jacob/gcc-arm-none-eabi-4_7-2012q4/lib/gcc/arm-none-eabi/4.7.3//libgcc.a(_arm_cmpdf2.o)
 .ARM.attributes
                0x000006eb       0x18 /home/jacob/gcc-arm-none-eabi-4_7-2012q4/lib/gcc/arm-none-eabi/4.7.3//libgcc.a(_arm_fixdfsi.o)
 .ARM.attributes
                0x00000703       0x18 /home/jacob/gcc-arm-none-eabi-4_7-2012q4/lib/gcc/arm-none-eabi/4.7.3//libgcc.a(_arm_fixunsdfsi.o)
 .ARM.attributes
                0x0000071b       0x18 /home/jacob/gcc-arm-none-eabi-4_7-2012q4/lib/gcc/arm-none-eabi/4.7.3//libgcc.a(_arm_addsubsf3.o)
 .ARM.attributes
                0x00000733       0x18 /home/jacob/gcc-arm-none-eabi-4_7-2012q4/lib/gcc/arm-none-eabi/4.7.3//libgcc.a(_arm_muldivsf3.o)
 .ARM.attributes
                0x0000074b       0x18 /home/jacob/gcc-arm-none-eabi-4_7-2012q4/lib/gcc/arm-none-eabi/4.7.3//libgcc.a(_aeabi_uldivmod.o)
 .ARM.attributes
                0x00000763       0x30 /home/jacob/gcc-arm-none-eabi-4_7-2012q4/lib/gcc/arm-none-eabi/4.7.3//libgcc.a(bpabi.o)
 .ARM.attributes
                0x00000793       0x30 /home/jacob/gcc-arm-none-eabi-4_7-2012q4/lib/gcc/arm-none-eabi/4.7.3//libgcc.a(_divdi3.o)
 .ARM.attributes
                0x000007c3       0x30 /home/jacob/gcc-arm-none-eabi-4_7-2012q4/lib/gcc/arm-none-eabi/4.7.3//libgcc.a(_udivdi3.o)
 .ARM.attributes
                0x000007f3       0x18 /home/jacob/gcc-arm-none-eabi-4_7-2012q4/lib/gcc/arm-none-eabi/4.7.3//libgcc.a(_clzsi2.o)

.debug_frame    0x00000000      0xf30
 .debug_frame   0x00000000       0x30 Release/test.o
 .debug_frame   0x00000030       0x2c ..//test/binary/drivers/Release/libmaacs_drivers.a(clocks.o)
 .debug_frame   0x0000005c       0xa0 ..//test/binary/drivers/Release/libmaacs_drivers.a(control_module.o)
 .debug_frame   0x000000fc       0xd0 ..//test/binary/drivers/Release/libmaacs_drivers.a(dbg.o)
 .debug_frame   0x000001cc       0xa8 ..//test/binary/drivers/Release/libmaacs_drivers.a(pwm.o)
 .debug_frame   0x00000274      0x108 ..//test/binary/drivers/Release/libmaacs_drivers.a(timer.o)
 .debug_frame   0x0000037c      0x12c ..//test/binary/drivers/Release/libmaacs_drivers.a(uart.o)
 .debug_frame   0x000004a8       0x74 ..//test/binary/drivers/Release/libmaacs_drivers.a(util.o)
 .debug_frame   0x0000051c       0x28 ..//system_config/binary/Release/libsystem_config.a(startup.o)
 .debug_frame   0x00000544      0x238 ..//system_config/binary/Release/libsystem_config.a(interrupt.o)
 .debug_frame   0x0000077c       0x5c /home/jacob/gcc-arm-none-eabi-4_7-2012q4/arm-none-eabi/lib//libc.a(lib_a-sprintf.o)
 .debug_frame   0x000007d8       0x3c /home/jacob/gcc-arm-none-eabi-4_7-2012q4/arm-none-eabi/lib//libc.a(lib_a-svfprintf.o)
 .debug_frame   0x00000814       0x64 /home/jacob/gcc-arm-none-eabi-4_7-2012q4/arm-none-eabi/lib//libc.a(lib_a-dtoa.o)
 .debug_frame   0x00000878       0x98 /home/jacob/gcc-arm-none-eabi-4_7-2012q4/arm-none-eabi/lib//libc.a(lib_a-locale.o)
 .debug_frame   0x00000910       0x38 /home/jacob/gcc-arm-none-eabi-4_7-2012q4/arm-none-eabi/lib//libc.a(lib_a-mallocr.o)
 .debug_frame   0x00000948       0x2c /home/jacob/gcc-arm-none-eabi-4_7-2012q4/arm-none-eabi/lib//libc.a(lib_a-memchr.o)
 .debug_frame   0x00000974       0x2c /home/jacob/gcc-arm-none-eabi-4_7-2012q4/arm-none-eabi/lib//libc.a(lib_a-memcpy.o)
 .debug_frame   0x000009a0       0x30 /home/jacob/gcc-arm-none-eabi-4_7-2012q4/arm-none-eabi/lib//libc.a(lib_a-mlock.o)
 .debug_frame   0x000009d0      0x220 /home/jacob/gcc-arm-none-eabi-4_7-2012q4/arm-none-eabi/lib//libc.a(lib_a-mprec.o)
 .debug_frame   0x00000bf0       0x20 /home/jacob/gcc-arm-none-eabi-4_7-2012q4/arm-none-eabi/lib//libc.a(lib_a-s_fpclassify.o)
 .debug_frame   0x00000c10       0x2c /home/jacob/gcc-arm-none-eabi-4_7-2012q4/arm-none-eabi/lib//libc.a(lib_a-sbrkr.o)
 .debug_frame   0x00000c3c       0x20 /home/jacob/gcc-arm-none-eabi-4_7-2012q4/arm-none-eabi/lib//libc.a(lib_a-strlen.o)
 .debug_frame   0x00000c5c       0x64 /home/jacob/gcc-arm-none-eabi-4_7-2012q4/arm-none-eabi/lib//libc.a(lib_a-svfiprintf.o)
 .debug_frame   0x00000cc0       0x28 /home/jacob/gcc-arm-none-eabi-4_7-2012q4/arm-none-eabi/lib//libc.a(lib_a-callocr.o)
 .debug_frame   0x00000ce8       0x50 /home/jacob/gcc-arm-none-eabi-4_7-2012q4/arm-none-eabi/lib//libc.a(lib_a-freer.o)
 .debug_frame   0x00000d38       0x2c /home/jacob/gcc-arm-none-eabi-4_7-2012q4/arm-none-eabi/lib//libc.a(lib_a-memmove.o)
 .debug_frame   0x00000d64       0x28 /home/jacob/gcc-arm-none-eabi-4_7-2012q4/arm-none-eabi/lib//libc.a(lib_a-memset.o)
 .debug_frame   0x00000d8c       0x38 /home/jacob/gcc-arm-none-eabi-4_7-2012q4/arm-none-eabi/lib//libc.a(lib_a-reallocr.o)
 .debug_frame   0x00000dc4       0x68 /home/jacob/gcc-arm-none-eabi-4_7-2012q4/arm-none-eabi/lib//libc.a(lib_a-reent.o)
 .debug_frame   0x00000e2c       0x20 /home/jacob/gcc-arm-none-eabi-4_7-2012q4/lib/gcc/arm-none-eabi/4.7.3//libgcc.a(_udivsi3.o)
 .debug_frame   0x00000e4c       0x20 /home/jacob/gcc-arm-none-eabi-4_7-2012q4/lib/gcc/arm-none-eabi/4.7.3//libgcc.a(_divsi3.o)
 .debug_frame   0x00000e6c       0x54 /home/jacob/gcc-arm-none-eabi-4_7-2012q4/lib/gcc/arm-none-eabi/4.7.3//libgcc.a(bpabi.o)
 .debug_frame   0x00000ec0       0x38 /home/jacob/gcc-arm-none-eabi-4_7-2012q4/lib/gcc/arm-none-eabi/4.7.3//libgcc.a(_divdi3.o)
 .debug_frame   0x00000ef8       0x38 /home/jacob/gcc-arm-none-eabi-4_7-2012q4/lib/gcc/arm-none-eabi/4.7.3//libgcc.a(_udivdi3.o)
