Archive member included because of file (symbol)

..//test/binary/drivers/Release/libmaacs_drivers.a(clocks.o)
                              Release/test.o (pll_init)
..//test/binary/drivers/Release/libmaacs_drivers.a(control_module.o)
                              Release/test.o (enable_uart0_pin_mux)
..//test/binary/drivers/Release/libmaacs_drivers.a(dbg.o)
                              Release/test.o (dbg_setup)
..//test/binary/drivers/Release/libmaacs_drivers.a(uart.o)
                              ..//test/binary/drivers/Release/libmaacs_drivers.a(dbg.o) (uart_setup)
..//test/binary/drivers/Release/libmaacs_drivers.a(util.o)
                              Release/test.o (util_setup)
..//test/binary/drivers/Release/libmaacs_drivers.a(test.o)
                              Release/test.o (test_main_menu)
..//test/binary/drivers/Release/libmaacs_drivers.a(test_temp.o)
                              ..//test/binary/drivers/Release/libmaacs_drivers.a(test.o) (temp_dir)
..//test/binary/drivers/Release/libmaacs_drivers.a(timer.o)
                              ..//test/binary/drivers/Release/libmaacs_drivers.a(util.o) (timer_soft_reset)
..//system_config/binary/Release/libsystem_config.a(init.o)
                              (Entry)
..//system_config/binary/Release/libsystem_config.a(startup.o)
                              ..//system_config/binary/Release/libsystem_config.a(init.o) (start_boot)
..//system_config/binary/Release/libsystem_config.a(cp15.o)
                              ..//system_config/binary/Release/libsystem_config.a(startup.o) (CP15VectorBaseAddrSet)
..//system_config/binary/Release/libsystem_config.a(exceptionhandler.o)
                              ..//system_config/binary/Release/libsystem_config.a(startup.o) (IRQHandler)
..//system_config/binary/Release/libsystem_config.a(interrupt.o)
                              ..//system_config/binary/Release/libsystem_config.a(exceptionhandler.o) (fnRAMVectors)
..//system_config/binary/Release/libsystem_config.a(cpu.o)
                              ..//system_config/binary/Release/libsystem_config.a(exceptionhandler.o) (CPUAbortHandler)
/home/jacob/MAACS/gcc-arm-none-eabi-4_7-2012q4/arm-none-eabi/lib//libc.a(lib_a-strchr.o)
                              ..//test/binary/drivers/Release/libmaacs_drivers.a(test.o) (strchr)
/home/jacob/MAACS/gcc-arm-none-eabi-4_7-2012q4/arm-none-eabi/lib//libc.a(lib_a-strcmp.o)
                              ..//test/binary/drivers/Release/libmaacs_drivers.a(test.o) (strcmp)
/home/jacob/MAACS/gcc-arm-none-eabi-4_7-2012q4/arm-none-eabi/lib//libc.a(lib_a-strlen.o)
                              ..//test/binary/drivers/Release/libmaacs_drivers.a(test.o) (strlen)
/home/jacob/MAACS/gcc-arm-none-eabi-4_7-2012q4/lib/gcc/arm-none-eabi/4.7.3//libgcc.a(_udivsi3.o)
                              (__aeabi_uidiv)
/home/jacob/MAACS/gcc-arm-none-eabi-4_7-2012q4/lib/gcc/arm-none-eabi/4.7.3//libgcc.a(_divsi3.o)
                              (__aeabi_idiv)
/home/jacob/MAACS/gcc-arm-none-eabi-4_7-2012q4/lib/gcc/arm-none-eabi/4.7.3//libgcc.a(_dvmd_tls.o)
                              /home/jacob/MAACS/gcc-arm-none-eabi-4_7-2012q4/lib/gcc/arm-none-eabi/4.7.3//libgcc.a(_udivsi3.o) (__aeabi_idiv0)
/home/jacob/MAACS/gcc-arm-none-eabi-4_7-2012q4/lib/gcc/arm-none-eabi/4.7.3//libgcc.a(_arm_addsubdf3.o)
                              ..//test/binary/drivers/Release/libmaacs_drivers.a(util.o) (__aeabi_ui2d)
/home/jacob/MAACS/gcc-arm-none-eabi-4_7-2012q4/lib/gcc/arm-none-eabi/4.7.3//libgcc.a(_arm_muldivdf3.o)
                              ..//test/binary/drivers/Release/libmaacs_drivers.a(util.o) (__aeabi_dmul)
/home/jacob/MAACS/gcc-arm-none-eabi-4_7-2012q4/lib/gcc/arm-none-eabi/4.7.3//libgcc.a(_arm_fixunsdfsi.o)
                              ..//test/binary/drivers/Release/libmaacs_drivers.a(util.o) (__aeabi_d2uiz)
/home/jacob/MAACS/gcc-arm-none-eabi-4_7-2012q4/lib/gcc/arm-none-eabi/4.7.3//libgcc.a(_arm_addsubsf3.o)
                              ..//test/binary/drivers/Release/libmaacs_drivers.a(util.o) (__aeabi_ui2f)
/home/jacob/MAACS/gcc-arm-none-eabi-4_7-2012q4/lib/gcc/arm-none-eabi/4.7.3//libgcc.a(_arm_muldivsf3.o)
                              ..//test/binary/drivers/Release/libmaacs_drivers.a(timer.o) (__aeabi_fdiv)

Allocating common symbols
Common symbol       size              file

dbgstr              0x32              Release/test.o
fnRAMVectors        0x200             ..//system_config/binary/Release/libsystem_config.a(interrupt.o)

Discarded input sections

 .text          0x00000000        0x0 Release/test.o
 .data          0x00000000        0x0 Release/test.o
 .bss           0x00000000        0x0 Release/test.o
 .data.i2c0     0x00000000        0x4 Release/test.o
 .data.i2c1     0x00000000        0x4 Release/test.o
 .data.i2c2     0x00000000        0x4 Release/test.o
 .text          0x00000000        0x0 ..//test/binary/drivers/Release/libmaacs_drivers.a(clocks.o)
 .data          0x00000000        0x0 ..//test/binary/drivers/Release/libmaacs_drivers.a(clocks.o)
 .bss           0x00000000        0x0 ..//test/binary/drivers/Release/libmaacs_drivers.a(clocks.o)
 .text          0x00000000        0x0 ..//test/binary/drivers/Release/libmaacs_drivers.a(control_module.o)
 .data          0x00000000        0x0 ..//test/binary/drivers/Release/libmaacs_drivers.a(control_module.o)
 .bss           0x00000000        0x0 ..//test/binary/drivers/Release/libmaacs_drivers.a(control_module.o)
 .text.enable_led_pin_mux
                0x00000000       0x34 ..//test/binary/drivers/Release/libmaacs_drivers.a(control_module.o)
 .data.led_pin_mux
                0x00000000       0x28 ..//test/binary/drivers/Release/libmaacs_drivers.a(control_module.o)
 .text          0x00000000        0x0 ..//test/binary/drivers/Release/libmaacs_drivers.a(dbg.o)
 .data          0x00000000        0x0 ..//test/binary/drivers/Release/libmaacs_drivers.a(dbg.o)
 .bss           0x00000000        0x0 ..//test/binary/drivers/Release/libmaacs_drivers.a(dbg.o)
 .text._close   0x00000000        0x8 ..//test/binary/drivers/Release/libmaacs_drivers.a(dbg.o)
 .text._fstat   0x00000000       0x10 ..//test/binary/drivers/Release/libmaacs_drivers.a(dbg.o)
 .text._isatty  0x00000000        0x8 ..//test/binary/drivers/Release/libmaacs_drivers.a(dbg.o)
 .text._lseek   0x00000000        0x8 ..//test/binary/drivers/Release/libmaacs_drivers.a(dbg.o)
 .text._open    0x00000000        0x8 ..//test/binary/drivers/Release/libmaacs_drivers.a(dbg.o)
 .text._read    0x00000000        0x8 ..//test/binary/drivers/Release/libmaacs_drivers.a(dbg.o)
 .text._sbrk    0x00000000       0x40 ..//test/binary/drivers/Release/libmaacs_drivers.a(dbg.o)
 .text._write   0x00000000       0x3c ..//test/binary/drivers/Release/libmaacs_drivers.a(dbg.o)
 .bss.heap_end  0x00000000        0x4 ..//test/binary/drivers/Release/libmaacs_drivers.a(dbg.o)
 .text          0x00000000        0x0 ..//test/binary/drivers/Release/libmaacs_drivers.a(uart.o)
 .data          0x00000000        0x0 ..//test/binary/drivers/Release/libmaacs_drivers.a(uart.o)
 .bss           0x00000000        0x0 ..//test/binary/drivers/Release/libmaacs_drivers.a(uart.o)
 .text.uart_soft_reset
                0x00000000       0x34 ..//test/binary/drivers/Release/libmaacs_drivers.a(uart.o)
 .text.uart_enable_int
                0x00000000       0x14 ..//test/binary/drivers/Release/libmaacs_drivers.a(uart.o)
 .text.uart_disable_int
                0x00000000       0x10 ..//test/binary/drivers/Release/libmaacs_drivers.a(uart.o)
 .text.uart_txsr_empty
                0x00000000        0xc ..//test/binary/drivers/Release/libmaacs_drivers.a(uart.o)
 .text.uart_txfifo_empty
                0x00000000        0xc ..//test/binary/drivers/Release/libmaacs_drivers.a(uart.o)
 .text.uart_rxfifo_empty
                0x00000000        0xc ..//test/binary/drivers/Release/libmaacs_drivers.a(uart.o)
 .text.uart_mode_select
                0x00000000       0x20 ..//test/binary/drivers/Release/libmaacs_drivers.a(uart.o)
 .text.uart_config_mode
                0x00000000       0x44 ..//test/binary/drivers/Release/libmaacs_drivers.a(uart.o)
 .text.uart_parity
                0x00000000       0x20 ..//test/binary/drivers/Release/libmaacs_drivers.a(uart.o)
 .text.uart_stop_bit
                0x00000000       0x20 ..//test/binary/drivers/Release/libmaacs_drivers.a(uart.o)
 .text.uart_data_len
                0x00000000       0x20 ..//test/binary/drivers/Release/libmaacs_drivers.a(uart.o)
 .text          0x00000000        0x0 ..//test/binary/drivers/Release/libmaacs_drivers.a(util.o)
 .data          0x00000000        0x0 ..//test/binary/drivers/Release/libmaacs_drivers.a(util.o)
 .bss           0x00000000        0x0 ..//test/binary/drivers/Release/libmaacs_drivers.a(util.o)
 .text.delay_ms
                0x00000000       0xa4 ..//test/binary/drivers/Release/libmaacs_drivers.a(util.o)
 .text.stopwatch_start
                0x00000000       0x34 ..//test/binary/drivers/Release/libmaacs_drivers.a(util.o)
 .text.stopwatch_stop
                0x00000000       0x68 ..//test/binary/drivers/Release/libmaacs_drivers.a(util.o)
 .text          0x00000000        0x0 ..//test/binary/drivers/Release/libmaacs_drivers.a(test.o)
 .data          0x00000000        0x0 ..//test/binary/drivers/Release/libmaacs_drivers.a(test.o)
 .bss           0x00000000        0x0 ..//test/binary/drivers/Release/libmaacs_drivers.a(test.o)
 .text          0x00000000        0x0 ..//test/binary/drivers/Release/libmaacs_drivers.a(test_temp.o)
 .data          0x00000000        0x0 ..//test/binary/drivers/Release/libmaacs_drivers.a(test_temp.o)
 .bss           0x00000000        0x0 ..//test/binary/drivers/Release/libmaacs_drivers.a(test_temp.o)
 .text          0x00000000        0x0 ..//test/binary/drivers/Release/libmaacs_drivers.a(timer.o)
 .data          0x00000000        0x0 ..//test/binary/drivers/Release/libmaacs_drivers.a(timer.o)
 .bss           0x00000000        0x0 ..//test/binary/drivers/Release/libmaacs_drivers.a(timer.o)
 .text.timer_start
                0x00000000       0x28 ..//test/binary/drivers/Release/libmaacs_drivers.a(timer.o)
 .text.timer_stop
                0x00000000       0x28 ..//test/binary/drivers/Release/libmaacs_drivers.a(timer.o)
 .text.timer_enable_int
                0x00000000       0x10 ..//test/binary/drivers/Release/libmaacs_drivers.a(timer.o)
 .text.timer_check_rstatus
                0x00000000       0x14 ..//test/binary/drivers/Release/libmaacs_drivers.a(timer.o)
 .text.timer_check_status
                0x00000000       0x14 ..//test/binary/drivers/Release/libmaacs_drivers.a(timer.o)
 .text.timer_clear_status
                0x00000000       0x10 ..//test/binary/drivers/Release/libmaacs_drivers.a(timer.o)
 .text.timer_wait_to_write
                0x00000000       0x1c ..//test/binary/drivers/Release/libmaacs_drivers.a(timer.o)
 .text.timer_set_prescaler
                0x00000000       0x9c ..//test/binary/drivers/Release/libmaacs_drivers.a(timer.o)
 .text.timer_set_polarity
                0x00000000       0x5c ..//test/binary/drivers/Release/libmaacs_drivers.a(timer.o)
 .text.timer_set_period
                0x00000000       0x78 ..//test/binary/drivers/Release/libmaacs_drivers.a(timer.o)
 .text.timer_set_reload
                0x00000000       0x20 ..//test/binary/drivers/Release/libmaacs_drivers.a(timer.o)
 .text.timer_set_cnt
                0x00000000       0x20 ..//test/binary/drivers/Release/libmaacs_drivers.a(timer.o)
 .text.timer_trigger_reload
                0x00000000       0x24 ..//test/binary/drivers/Release/libmaacs_drivers.a(timer.o)
 .data          0x00000000        0x0 ..//system_config/binary/Release/libsystem_config.a(init.o)
 .bss           0x00000000        0x0 ..//system_config/binary/Release/libsystem_config.a(init.o)
 .text          0x00000000        0x0 ..//system_config/binary/Release/libsystem_config.a(startup.o)
 .data          0x00000000        0x0 ..//system_config/binary/Release/libsystem_config.a(startup.o)
 .bss           0x00000000        0x0 ..//system_config/binary/Release/libsystem_config.a(startup.o)
 .rodata.AM335X_VECTOR_BASE
                0x00000000        0x4 ..//system_config/binary/Release/libsystem_config.a(startup.o)
 .data          0x00000000        0x0 ..//system_config/binary/Release/libsystem_config.a(cp15.o)
 .bss           0x00000000        0x0 ..//system_config/binary/Release/libsystem_config.a(cp15.o)
 .data          0x00000000        0x0 ..//system_config/binary/Release/libsystem_config.a(exceptionhandler.o)
 .bss           0x00000000        0x0 ..//system_config/binary/Release/libsystem_config.a(exceptionhandler.o)
 .text          0x00000000        0x0 ..//system_config/binary/Release/libsystem_config.a(interrupt.o)
 .data          0x00000000        0x0 ..//system_config/binary/Release/libsystem_config.a(interrupt.o)
 .bss           0x00000000        0x0 ..//system_config/binary/Release/libsystem_config.a(interrupt.o)
 .text.IntDefaultHandler
                0x00000000        0x4 ..//system_config/binary/Release/libsystem_config.a(interrupt.o)
 .text.IntRegister
                0x00000000       0x10 ..//system_config/binary/Release/libsystem_config.a(interrupt.o)
 .text.IntUnRegister
                0x00000000       0x18 ..//system_config/binary/Release/libsystem_config.a(interrupt.o)
 .text.IntAINTCInit
                0x00000000       0x54 ..//system_config/binary/Release/libsystem_config.a(interrupt.o)
 .text.IntPrioritySet
                0x00000000       0x24 ..//system_config/binary/Release/libsystem_config.a(interrupt.o)
 .text.IntSystemEnable
                0x00000000       0x24 ..//system_config/binary/Release/libsystem_config.a(interrupt.o)
 .text.IntSystemDisable
                0x00000000       0x24 ..//system_config/binary/Release/libsystem_config.a(interrupt.o)
 .text.IntIfClkFreeRunSet
                0x00000000       0x18 ..//system_config/binary/Release/libsystem_config.a(interrupt.o)
 .text.IntIfClkAutoGateSet
                0x00000000       0x18 ..//system_config/binary/Release/libsystem_config.a(interrupt.o)
 .text.IntActiveIrqNumGet
                0x00000000       0x14 ..//system_config/binary/Release/libsystem_config.a(interrupt.o)
 .text.IntSpurIrqFlagGet
                0x00000000       0x14 ..//system_config/binary/Release/libsystem_config.a(interrupt.o)
 .text.IntProtectionEnable
                0x00000000       0x14 ..//system_config/binary/Release/libsystem_config.a(interrupt.o)
 .text.IntProtectionDisable
                0x00000000       0x18 ..//system_config/binary/Release/libsystem_config.a(interrupt.o)
 .text.IntSyncClkFreeRunSet
                0x00000000       0x18 ..//system_config/binary/Release/libsystem_config.a(interrupt.o)
 .text.IntSyncClkAutoGateSet
                0x00000000       0x18 ..//system_config/binary/Release/libsystem_config.a(interrupt.o)
 .text.IntFuncClkFreeRunSet
                0x00000000       0x18 ..//system_config/binary/Release/libsystem_config.a(interrupt.o)
 .text.IntFuncClkAutoGateSet
                0x00000000       0x18 ..//system_config/binary/Release/libsystem_config.a(interrupt.o)
 .text.IntCurrIrqPriorityGet
                0x00000000       0x14 ..//system_config/binary/Release/libsystem_config.a(interrupt.o)
 .text.IntPriorityThresholdGet
                0x00000000       0x14 ..//system_config/binary/Release/libsystem_config.a(interrupt.o)
 .text.IntPriorityThresholdSet
                0x00000000       0x14 ..//system_config/binary/Release/libsystem_config.a(interrupt.o)
 .text.IntRawStatusGet
                0x00000000       0x24 ..//system_config/binary/Release/libsystem_config.a(interrupt.o)
 .text.IntSoftwareIntSet
                0x00000000       0x20 ..//system_config/binary/Release/libsystem_config.a(interrupt.o)
 .text.IntSoftwareIntClear
                0x00000000       0x20 ..//system_config/binary/Release/libsystem_config.a(interrupt.o)
 .text.IntPendingIrqMaskedStatusGet
                0x00000000       0x24 ..//system_config/binary/Release/libsystem_config.a(interrupt.o)
 .text.IntMasterIRQEnable
                0x00000000       0x14 ..//system_config/binary/Release/libsystem_config.a(interrupt.o)
 .text.IntMasterIRQDisable
                0x00000000       0x14 ..//system_config/binary/Release/libsystem_config.a(interrupt.o)
 .text.IntMasterFIQEnable
                0x00000000       0x14 ..//system_config/binary/Release/libsystem_config.a(interrupt.o)
 .text.IntMasterFIQDisable
                0x00000000       0x14 ..//system_config/binary/Release/libsystem_config.a(interrupt.o)
 .text.IntMasterStatusGet
                0x00000000       0x14 ..//system_config/binary/Release/libsystem_config.a(interrupt.o)
 .text.IntDisable
                0x00000000       0x28 ..//system_config/binary/Release/libsystem_config.a(interrupt.o)
 .text.IntEnable
                0x00000000       0x1c ..//system_config/binary/Release/libsystem_config.a(interrupt.o)
 .text          0x00000000        0x0 ..//system_config/binary/Release/libsystem_config.a(cpu.o)
 .data          0x00000000        0x0 ..//system_config/binary/Release/libsystem_config.a(cpu.o)
 .bss           0x00000000        0x0 ..//system_config/binary/Release/libsystem_config.a(cpu.o)
 .text.CPUSwitchToPrivilegedMode
                0x00000000        0x8 ..//system_config/binary/Release/libsystem_config.a(cpu.o)
 .text.CPUSwitchToUserMode
                0x00000000       0x14 ..//system_config/binary/Release/libsystem_config.a(cpu.o)
 .text.CPUAbortHandler
                0x00000000        0x4 ..//system_config/binary/Release/libsystem_config.a(cpu.o)
 .text.CPUIntStatus
                0x00000000        0xc ..//system_config/binary/Release/libsystem_config.a(cpu.o)
 .text.CPUirqd  0x00000000       0x14 ..//system_config/binary/Release/libsystem_config.a(cpu.o)
 .text.CPUirqe  0x00000000       0x14 ..//system_config/binary/Release/libsystem_config.a(cpu.o)
 .text.CPUfiqd  0x00000000       0x14 ..//system_config/binary/Release/libsystem_config.a(cpu.o)
 .text.CPUfiqe  0x00000000       0x14 ..//system_config/binary/Release/libsystem_config.a(cpu.o)
 .debug_info    0x00000000       0xef ..//system_config/binary/Release/libsystem_config.a(cpu.o)
 .debug_abbrev  0x00000000       0x64 ..//system_config/binary/Release/libsystem_config.a(cpu.o)
 .debug_aranges
                0x00000000       0x58 ..//system_config/binary/Release/libsystem_config.a(cpu.o)
 .debug_ranges  0x00000000       0x48 ..//system_config/binary/Release/libsystem_config.a(cpu.o)
 .debug_line    0x00000000       0xca ..//system_config/binary/Release/libsystem_config.a(cpu.o)
 .debug_str     0x00000000      0x10f ..//system_config/binary/Release/libsystem_config.a(cpu.o)
 .comment       0x00000000       0x71 ..//system_config/binary/Release/libsystem_config.a(cpu.o)
 .ARM.attributes
                0x00000000       0x3d ..//system_config/binary/Release/libsystem_config.a(cpu.o)
 .debug_frame   0x00000000       0x90 ..//system_config/binary/Release/libsystem_config.a(cpu.o)
 .text          0x00000000        0x0 /home/jacob/MAACS/gcc-arm-none-eabi-4_7-2012q4/arm-none-eabi/lib//libc.a(lib_a-strchr.o)
 .data          0x00000000        0x0 /home/jacob/MAACS/gcc-arm-none-eabi-4_7-2012q4/arm-none-eabi/lib//libc.a(lib_a-strchr.o)
 .bss           0x00000000        0x0 /home/jacob/MAACS/gcc-arm-none-eabi-4_7-2012q4/arm-none-eabi/lib//libc.a(lib_a-strchr.o)
 .text          0x00000000        0x0 /home/jacob/MAACS/gcc-arm-none-eabi-4_7-2012q4/arm-none-eabi/lib//libc.a(lib_a-strcmp.o)
 .data          0x00000000        0x0 /home/jacob/MAACS/gcc-arm-none-eabi-4_7-2012q4/arm-none-eabi/lib//libc.a(lib_a-strcmp.o)
 .bss           0x00000000        0x0 /home/jacob/MAACS/gcc-arm-none-eabi-4_7-2012q4/arm-none-eabi/lib//libc.a(lib_a-strcmp.o)
 .text          0x00000000        0x0 /home/jacob/MAACS/gcc-arm-none-eabi-4_7-2012q4/arm-none-eabi/lib//libc.a(lib_a-strlen.o)
 .data          0x00000000        0x0 /home/jacob/MAACS/gcc-arm-none-eabi-4_7-2012q4/arm-none-eabi/lib//libc.a(lib_a-strlen.o)
 .bss           0x00000000        0x0 /home/jacob/MAACS/gcc-arm-none-eabi-4_7-2012q4/arm-none-eabi/lib//libc.a(lib_a-strlen.o)
 .data          0x00000000        0x0 /home/jacob/MAACS/gcc-arm-none-eabi-4_7-2012q4/lib/gcc/arm-none-eabi/4.7.3//libgcc.a(_udivsi3.o)
 .bss           0x00000000        0x0 /home/jacob/MAACS/gcc-arm-none-eabi-4_7-2012q4/lib/gcc/arm-none-eabi/4.7.3//libgcc.a(_udivsi3.o)
 .data          0x00000000        0x0 /home/jacob/MAACS/gcc-arm-none-eabi-4_7-2012q4/lib/gcc/arm-none-eabi/4.7.3//libgcc.a(_divsi3.o)
 .bss           0x00000000        0x0 /home/jacob/MAACS/gcc-arm-none-eabi-4_7-2012q4/lib/gcc/arm-none-eabi/4.7.3//libgcc.a(_divsi3.o)
 .data          0x00000000        0x0 /home/jacob/MAACS/gcc-arm-none-eabi-4_7-2012q4/lib/gcc/arm-none-eabi/4.7.3//libgcc.a(_dvmd_tls.o)
 .bss           0x00000000        0x0 /home/jacob/MAACS/gcc-arm-none-eabi-4_7-2012q4/lib/gcc/arm-none-eabi/4.7.3//libgcc.a(_dvmd_tls.o)
 .text          0x00000000      0x41c /home/jacob/MAACS/gcc-arm-none-eabi-4_7-2012q4/lib/gcc/arm-none-eabi/4.7.3//libgcc.a(_arm_addsubdf3.o)
 .data          0x00000000        0x0 /home/jacob/MAACS/gcc-arm-none-eabi-4_7-2012q4/lib/gcc/arm-none-eabi/4.7.3//libgcc.a(_arm_addsubdf3.o)
 .bss           0x00000000        0x0 /home/jacob/MAACS/gcc-arm-none-eabi-4_7-2012q4/lib/gcc/arm-none-eabi/4.7.3//libgcc.a(_arm_addsubdf3.o)
 .ARM.attributes
                0x00000000       0x18 /home/jacob/MAACS/gcc-arm-none-eabi-4_7-2012q4/lib/gcc/arm-none-eabi/4.7.3//libgcc.a(_arm_addsubdf3.o)
 .text          0x00000000      0x49c /home/jacob/MAACS/gcc-arm-none-eabi-4_7-2012q4/lib/gcc/arm-none-eabi/4.7.3//libgcc.a(_arm_muldivdf3.o)
 .data          0x00000000        0x0 /home/jacob/MAACS/gcc-arm-none-eabi-4_7-2012q4/lib/gcc/arm-none-eabi/4.7.3//libgcc.a(_arm_muldivdf3.o)
 .bss           0x00000000        0x0 /home/jacob/MAACS/gcc-arm-none-eabi-4_7-2012q4/lib/gcc/arm-none-eabi/4.7.3//libgcc.a(_arm_muldivdf3.o)
 .ARM.attributes
                0x00000000       0x18 /home/jacob/MAACS/gcc-arm-none-eabi-4_7-2012q4/lib/gcc/arm-none-eabi/4.7.3//libgcc.a(_arm_muldivdf3.o)
 .text          0x00000000       0x54 /home/jacob/MAACS/gcc-arm-none-eabi-4_7-2012q4/lib/gcc/arm-none-eabi/4.7.3//libgcc.a(_arm_fixunsdfsi.o)
 .data          0x00000000        0x0 /home/jacob/MAACS/gcc-arm-none-eabi-4_7-2012q4/lib/gcc/arm-none-eabi/4.7.3//libgcc.a(_arm_fixunsdfsi.o)
 .bss           0x00000000        0x0 /home/jacob/MAACS/gcc-arm-none-eabi-4_7-2012q4/lib/gcc/arm-none-eabi/4.7.3//libgcc.a(_arm_fixunsdfsi.o)
 .ARM.attributes
                0x00000000       0x18 /home/jacob/MAACS/gcc-arm-none-eabi-4_7-2012q4/lib/gcc/arm-none-eabi/4.7.3//libgcc.a(_arm_fixunsdfsi.o)
 .text          0x00000000      0x2ac /home/jacob/MAACS/gcc-arm-none-eabi-4_7-2012q4/lib/gcc/arm-none-eabi/4.7.3//libgcc.a(_arm_addsubsf3.o)
 .data          0x00000000        0x0 /home/jacob/MAACS/gcc-arm-none-eabi-4_7-2012q4/lib/gcc/arm-none-eabi/4.7.3//libgcc.a(_arm_addsubsf3.o)
 .bss           0x00000000        0x0 /home/jacob/MAACS/gcc-arm-none-eabi-4_7-2012q4/lib/gcc/arm-none-eabi/4.7.3//libgcc.a(_arm_addsubsf3.o)
 .ARM.attributes
                0x00000000       0x18 /home/jacob/MAACS/gcc-arm-none-eabi-4_7-2012q4/lib/gcc/arm-none-eabi/4.7.3//libgcc.a(_arm_addsubsf3.o)
 .text          0x00000000      0x2f8 /home/jacob/MAACS/gcc-arm-none-eabi-4_7-2012q4/lib/gcc/arm-none-eabi/4.7.3//libgcc.a(_arm_muldivsf3.o)
 .data          0x00000000        0x0 /home/jacob/MAACS/gcc-arm-none-eabi-4_7-2012q4/lib/gcc/arm-none-eabi/4.7.3//libgcc.a(_arm_muldivsf3.o)
 .bss           0x00000000        0x0 /home/jacob/MAACS/gcc-arm-none-eabi-4_7-2012q4/lib/gcc/arm-none-eabi/4.7.3//libgcc.a(_arm_muldivsf3.o)
 .ARM.attributes
                0x00000000       0x18 /home/jacob/MAACS/gcc-arm-none-eabi-4_7-2012q4/lib/gcc/arm-none-eabi/4.7.3//libgcc.a(_arm_muldivsf3.o)

Memory Configuration

Name             Origin             Length             Attributes
DDR0             0x80000000         0x10000000
*default*        0x00000000         0xffffffff

Linker script and memory map

LOAD Release/test.o
LOAD ..//test/binary/drivers/Release/libmaacs_drivers.a
LOAD ..//system_config/binary/Release/libsystem_config.a
LOAD /home/jacob/MAACS/gcc-arm-none-eabi-4_7-2012q4/arm-none-eabi/lib//libc.a
LOAD /home/jacob/MAACS/gcc-arm-none-eabi-4_7-2012q4/lib/gcc/arm-none-eabi/4.7.3//libgcc.a
LOAD ..//test/binary/drivers/Release/libmaacs_drivers.a
LOAD ..//system_config/binary/Release/libsystem_config.a
LOAD /home/jacob/MAACS/gcc-arm-none-eabi-4_7-2012q4/arm-none-eabi/lib//libc.a
LOAD /home/jacob/MAACS/gcc-arm-none-eabi-4_7-2012q4/lib/gcc/arm-none-eabi/4.7.3//libgcc.a

.startcode      0x80000000       0xb4
                0x80000000                . = ALIGN (0x4)
 *init.o(.text)
 .text          0x80000000       0xb4 ..//system_config/binary/Release/libsystem_config.a(init.o)
                0x80000000                Entry

.text           0x800000b4     0x1de4
                0x800000b4                . = ALIGN (0x4)
 *(.text*)
 .text.startup.main
                0x800000b4       0x9c Release/test.o
                0x800000b4                main
 .text.pll_init
                0x80000150      0x4d0 ..//test/binary/drivers/Release/libmaacs_drivers.a(clocks.o)
                0x80000150                pll_init
 .text.enable_uart0_pin_mux
                0x80000620       0x34 ..//test/binary/drivers/Release/libmaacs_drivers.a(control_module.o)
                0x80000620                enable_uart0_pin_mux
 .text.enable_i2c0_pin_mux
                0x80000654       0x34 ..//test/binary/drivers/Release/libmaacs_drivers.a(control_module.o)
                0x80000654                enable_i2c0_pin_mux
 .text.enable_i2c1_pin_mux
                0x80000688       0x34 ..//test/binary/drivers/Release/libmaacs_drivers.a(control_module.o)
                0x80000688                enable_i2c1_pin_mux
 .text.enable_i2c2_pin_mux
                0x800006bc       0x34 ..//test/binary/drivers/Release/libmaacs_drivers.a(control_module.o)
                0x800006bc                enable_i2c2_pin_mux
 .text.enable_mmc0_pin_mux
                0x800006f0       0x34 ..//test/binary/drivers/Release/libmaacs_drivers.a(control_module.o)
                0x800006f0                enable_mmc0_pin_mux
 .text.enable_tmr4_pin_mux
                0x80000724       0x34 ..//test/binary/drivers/Release/libmaacs_drivers.a(control_module.o)
                0x80000724                enable_tmr4_pin_mux
 .text.enable_tmr5_pin_mux
                0x80000758       0x34 ..//test/binary/drivers/Release/libmaacs_drivers.a(control_module.o)
                0x80000758                enable_tmr5_pin_mux
 .text.enable_tmr7_pin_mux
                0x8000078c       0x34 ..//test/binary/drivers/Release/libmaacs_drivers.a(control_module.o)
                0x8000078c                enable_tmr7_pin_mux
 .text.dbg_setup
                0x800007c0       0x50 ..//test/binary/drivers/Release/libmaacs_drivers.a(dbg.o)
                0x800007c0                dbg_setup
 .text.dbg_puts
                0x80000810       0x24 ..//test/binary/drivers/Release/libmaacs_drivers.a(dbg.o)
                0x80000810                dbg_puts
 .text.dbg_putc
                0x80000834       0x20 ..//test/binary/drivers/Release/libmaacs_drivers.a(dbg.o)
                0x80000834                dbg_putc
 .text.dbg_getc
                0x80000854       0x1c ..//test/binary/drivers/Release/libmaacs_drivers.a(dbg.o)
                0x80000854                dbg_getc
 .text.uart_baudrate
                0x80000870       0x98 ..//test/binary/drivers/Release/libmaacs_drivers.a(uart.o)
                0x80000870                uart_baudrate
 .text.uart_setup
                0x80000908      0x12c ..//test/binary/drivers/Release/libmaacs_drivers.a(uart.o)
                0x80000908                uart_setup
 .text.uart_putc
                0x80000a34       0x20 ..//test/binary/drivers/Release/libmaacs_drivers.a(uart.o)
                0x80000a34                uart_putc
 .text.uart_puts
                0x80000a54       0x80 ..//test/binary/drivers/Release/libmaacs_drivers.a(uart.o)
                0x80000a54                uart_puts
 .text.uart_getc
                0x80000ad4       0x18 ..//test/binary/drivers/Release/libmaacs_drivers.a(uart.o)
                0x80000ad4                uart_getc
 .text.util_setup
                0x80000aec       0x40 ..//test/binary/drivers/Release/libmaacs_drivers.a(util.o)
                0x80000aec                util_setup
 .text.list_dir
                0x80000b2c       0x40 ..//test/binary/drivers/Release/libmaacs_drivers.a(test.o)
                0x80000b2c                list_dir
 .text.change_dir
                0x80000b6c       0xb8 ..//test/binary/drivers/Release/libmaacs_drivers.a(test.o)
                0x80000b6c                change_dir
 .text.parse_command
                0x80000c24       0x50 ..//test/binary/drivers/Release/libmaacs_drivers.a(test.o)
                0x80000c24                parse_command
 .text.get_cmd  0x80000c74       0xb4 ..//test/binary/drivers/Release/libmaacs_drivers.a(test.o)
                0x80000c74                get_cmd
 .text.test_main_menu
                0x80000d28      0x11c ..//test/binary/drivers/Release/libmaacs_drivers.a(test.o)
                0x80000d28                test_main_menu
 .text.temp_dir
                0x80000e44      0x1ec ..//test/binary/drivers/Release/libmaacs_drivers.a(test_temp.o)
                0x80000e44                temp_dir
 .text.timer_soft_reset
                0x80001030       0x1c ..//test/binary/drivers/Release/libmaacs_drivers.a(timer.o)
                0x80001030                timer_soft_reset
 .text.timer_disable_int
                0x8000104c       0x10 ..//test/binary/drivers/Release/libmaacs_drivers.a(timer.o)
                0x8000104c                timer_disable_int
 .text.start_boot
                0x8000105c       0x60 ..//system_config/binary/Release/libsystem_config.a(startup.o)
                0x8000105c                start_boot
 .text          0x800010bc      0x488 ..//system_config/binary/Release/libsystem_config.a(cp15.o)
                0x800010bc                CP15ICacheDisable
                0x800010d8                CP15DCacheDisable
                0x800010f4                CP15ICacheEnable
                0x80001104                CP15DCacheEnable
                0x80001114                CP15DCacheFlush
                0x800011a8                CP15DCacheClean
                0x8000123c                CP15DCacheCleanFlush
                0x800012d0                CP15ICacheFlush
                0x800012e0                CP15DCacheCleanBuff
                0x80001334                CP15DCacheCleanFlushBuff
                0x80001388                CP15DCacheFlushBuff
                0x800013ec                CP15ICacheFlushBuff
                0x80001440                CP15Ttb0Set
                0x8000144c                CP15TlbInvalidate
                0x80001458                CP15MMUDisable
                0x80001470                CP15MMUEnable
                0x80001484                CP15VectorBaseAddrSet
                0x80001490                CP15BranchPredictorInvalidate
                0x8000149c                CP15BranchPredictionEnable
                0x800014ac                CP15BranchPredictionDisable
                0x800014bc                CP15DomainAccessClientSet
                0x800014cc                CP15ControlFeatureDisable
                0x800014e0                CP15ControlFeatureEnable
                0x800014f4                CP15TtbCtlTtb0Config
                0x80001504                CP15AuxControlFeatureEnable
                0x80001518                CP15AuxControlFeatureDisable
                0x8000152c                CP15MainIdPrimPartNumGet
 .text          0x80001544       0xf0 ..//system_config/binary/Release/libsystem_config.a(exceptionhandler.o)
                0x80001544                SVC_Handler
                0x8000156c                IRQHandler
                0x80001618                FIQHandler
                0x8000161c                UndefInstHandler
                0x8000161c                AbortHandler
 .text.strchr   0x80001634      0x1dc /home/jacob/MAACS/gcc-arm-none-eabi-4_7-2012q4/arm-none-eabi/lib//libc.a(lib_a-strchr.o)
                0x80001634                strchr
 .text.strcmp   0x80001810       0x94 /home/jacob/MAACS/gcc-arm-none-eabi-4_7-2012q4/arm-none-eabi/lib//libc.a(lib_a-strcmp.o)
                0x80001810                strcmp
 .text.strcmp_unaligned
                0x800018a4      0x19c /home/jacob/MAACS/gcc-arm-none-eabi-4_7-2012q4/arm-none-eabi/lib//libc.a(lib_a-strcmp.o)
 .text.strlen   0x80001a40       0x60 /home/jacob/MAACS/gcc-arm-none-eabi-4_7-2012q4/arm-none-eabi/lib//libc.a(lib_a-strlen.o)
                0x80001a40                strlen
 .text          0x80001aa0      0x114 /home/jacob/MAACS/gcc-arm-none-eabi-4_7-2012q4/lib/gcc/arm-none-eabi/4.7.3//libgcc.a(_udivsi3.o)
                0x80001aa0                __udivsi3
                0x80001aa0                __aeabi_uidiv
                0x80001b94                __aeabi_uidivmod
 .text          0x80001bb4      0x148 /home/jacob/MAACS/gcc-arm-none-eabi-4_7-2012q4/lib/gcc/arm-none-eabi/4.7.3//libgcc.a(_divsi3.o)
                0x80001bb4                __aeabi_idiv
                0x80001bb4                __divsi3
                0x80001cdc                __aeabi_idivmod
 .text          0x80001cfc        0x4 /home/jacob/MAACS/gcc-arm-none-eabi-4_7-2012q4/lib/gcc/arm-none-eabi/4.7.3//libgcc.a(_dvmd_tls.o)
                0x80001cfc                __aeabi_ldiv0
                0x80001cfc                __aeabi_idiv0
 *(.rodata*)
 .rodata.str1.4
                0x80001d00       0xc4 ..//test/binary/drivers/Release/libmaacs_drivers.a(test.o)
                                 0xc8 (size before relaxing)
 .rodata.str1.4
                0x80001dc4       0x9c ..//test/binary/drivers/Release/libmaacs_drivers.a(test_temp.o)
                                 0xc4 (size before relaxing)
 .rodata.vecTbl
                0x80001e60       0x38 ..//system_config/binary/Release/libsystem_config.a(startup.o)

.glue_7         0x80001e98        0x0
 .glue_7        0x00000000        0x0 linker stubs

.glue_7t        0x80001e98        0x0
 .glue_7t       0x00000000        0x0 linker stubs

.vfp11_veneer   0x80001e98        0x0
 .vfp11_veneer  0x00000000        0x0 linker stubs

.v4_bx          0x80001e98        0x0
 .v4_bx         0x00000000        0x0 linker stubs

.iplt           0x80001e98        0x0
 .iplt          0x00000000        0x0 Release/test.o

.rel.dyn        0x80001e98        0x0
 .rel.iplt      0x00000000        0x0 Release/test.o

.data           0x80001e98      0x2b8
                0x80001e98                . = ALIGN (0x4)
 *(.data*)
 .data.tmr7_pin_mux
                0x80001e98       0x10 ..//test/binary/drivers/Release/libmaacs_drivers.a(control_module.o)
 .data.tmr5_pin_mux
                0x80001ea8       0x10 ..//test/binary/drivers/Release/libmaacs_drivers.a(control_module.o)
 .data.i2c2_pin_mux
                0x80001eb8       0x18 ..//test/binary/drivers/Release/libmaacs_drivers.a(control_module.o)
 .data.mmc0_pin_mux
                0x80001ed0       0x40 ..//test/binary/drivers/Release/libmaacs_drivers.a(control_module.o)
 .data.i2c0_pin_mux
                0x80001f10       0x18 ..//test/binary/drivers/Release/libmaacs_drivers.a(control_module.o)
 .data.tmr4_pin_mux
                0x80001f28       0x10 ..//test/binary/drivers/Release/libmaacs_drivers.a(control_module.o)
 .data.i2c1_pin_mux
                0x80001f38       0x18 ..//test/binary/drivers/Release/libmaacs_drivers.a(control_module.o)
 .data.uart0_pin_mux
                0x80001f50       0x18 ..//test/binary/drivers/Release/libmaacs_drivers.a(control_module.o)
 .data.temp     0x80001f68        0x8 ..//test/binary/drivers/Release/libmaacs_drivers.a(test.o)
                0x80001f68                temp
 .data.MAACS    0x80001f70      0x1b8 ..//test/binary/drivers/Release/libmaacs_drivers.a(test.o)
                0x80001f70                MAACS
 .data.backspace
                0x80002128        0x4 ..//test/binary/drivers/Release/libmaacs_drivers.a(test.o)
                0x80002128                backspace
 .data.dir      0x8000212c        0x8 ..//test/binary/drivers/Release/libmaacs_drivers.a(test.o)
                0x8000212c                dir
 .data.cmd_list
                0x80002134        0xc ..//test/binary/drivers/Release/libmaacs_drivers.a(test_temp.o)
 .data.cdir     0x80002140       0x10 ..//test/binary/drivers/Release/libmaacs_drivers.a(test_temp.o)

.igot.plt       0x80002150        0x0
 .igot.plt      0x00000000        0x0 Release/test.o

.bss            0x80002150      0x284
                0x80002150                . = ALIGN (0x4)
                0x80002150                _bss_start = .
 *(.bss*)
 .bss.dbgprt    0x80002150       0x18 ..//test/binary/drivers/Release/libmaacs_drivers.a(dbg.o)
 .bss.exit_dir  0x80002168        0x4 ..//test/binary/drivers/Release/libmaacs_drivers.a(test_temp.o)
 .bss.dir_cmd   0x8000216c       0x34 ..//test/binary/drivers/Release/libmaacs_drivers.a(test_temp.o)
 *(COMMON)
 COMMON         0x800021a0       0x32 Release/test.o
                0x800021a0                dbgstr
 *fill*         0x800021d2        0x2 00
 COMMON         0x800021d4      0x200 ..//system_config/binary/Release/libsystem_config.a(interrupt.o)
                0x800021d4                fnRAMVectors
                0x800023d4                _bss_end = .

.heap           0x800023d4    0x10000
                0x800023d4                . = ALIGN (0x4)
                0x800023d4                __end__ = .
                0x800023d4                end = __end__
                0x800023d4                __HeapBase = __end__
                0x800023d4                PROVIDE (HeapBase, __end__)
 *(.heap*)
                0x800123d4                . = (. + 0x10000)
 *fill*         0x800023d4    0x10000 00
                0x800123d4                __HeapLimit = .
                0x800123d4                PROVIDE (HeapLimit, .)

.stack          0x800123d4  0x7fffff8
                0x800123d4                . = ALIGN (0x4)
                0x800123d4                __StackLimit = .
 *(.stack*)
                0x880123cc                . = (. + 0x7fffff8)
 *fill*         0x800123d4  0x7fffff8 00
                0x880123cc                __StackTop = .
                0x880123cc                _stack = __StackTop
OUTPUT(Release/test.out elf32-littlearm)

.debug_info     0x00000000     0x50c3
 .debug_info    0x00000000      0x36c Release/test.o
 .debug_info    0x0000036c     0x102f ..//test/binary/drivers/Release/libmaacs_drivers.a(clocks.o)
 .debug_info    0x0000139b      0x400 ..//test/binary/drivers/Release/libmaacs_drivers.a(control_module.o)
 .debug_info    0x0000179b      0x7fa ..//test/binary/drivers/Release/libmaacs_drivers.a(dbg.o)
 .debug_info    0x00001f95     0x11c6 ..//test/binary/drivers/Release/libmaacs_drivers.a(uart.o)
 .debug_info    0x0000315b      0x3a2 ..//test/binary/drivers/Release/libmaacs_drivers.a(util.o)
 .debug_info    0x000034fd      0x4c9 ..//test/binary/drivers/Release/libmaacs_drivers.a(test.o)
 .debug_info    0x000039c6      0x397 ..//test/binary/drivers/Release/libmaacs_drivers.a(test_temp.o)
 .debug_info    0x00003d5d      0xc02 ..//test/binary/drivers/Release/libmaacs_drivers.a(timer.o)
 .debug_info    0x0000495f       0x72 ..//system_config/binary/Release/libsystem_config.a(init.o)
 .debug_info    0x000049d1      0x116 ..//system_config/binary/Release/libsystem_config.a(startup.o)
 .debug_info    0x00004ae7       0x72 ..//system_config/binary/Release/libsystem_config.a(cp15.o)
 .debug_info    0x00004b59       0x85 ..//system_config/binary/Release/libsystem_config.a(exceptionhandler.o)
 .debug_info    0x00004bde      0x4e5 ..//system_config/binary/Release/libsystem_config.a(interrupt.o)

.debug_abbrev   0x00000000     0x10b3
 .debug_abbrev  0x00000000       0xa8 Release/test.o
 .debug_abbrev  0x000000a8      0x144 ..//test/binary/drivers/Release/libmaacs_drivers.a(clocks.o)
 .debug_abbrev  0x000001ec       0xf0 ..//test/binary/drivers/Release/libmaacs_drivers.a(control_module.o)
 .debug_abbrev  0x000002dc      0x1a3 ..//test/binary/drivers/Release/libmaacs_drivers.a(dbg.o)
 .debug_abbrev  0x0000047f      0x295 ..//test/binary/drivers/Release/libmaacs_drivers.a(uart.o)
 .debug_abbrev  0x00000714      0x188 ..//test/binary/drivers/Release/libmaacs_drivers.a(util.o)
 .debug_abbrev  0x0000089c      0x18d ..//test/binary/drivers/Release/libmaacs_drivers.a(test.o)
 .debug_abbrev  0x00000a29      0x12d ..//test/binary/drivers/Release/libmaacs_drivers.a(test_temp.o)
 .debug_abbrev  0x00000b56      0x22e ..//test/binary/drivers/Release/libmaacs_drivers.a(timer.o)
 .debug_abbrev  0x00000d84       0x14 ..//system_config/binary/Release/libsystem_config.a(init.o)
 .debug_abbrev  0x00000d98       0xe8 ..//system_config/binary/Release/libsystem_config.a(startup.o)
 .debug_abbrev  0x00000e80       0x14 ..//system_config/binary/Release/libsystem_config.a(cp15.o)
 .debug_abbrev  0x00000e94       0x14 ..//system_config/binary/Release/libsystem_config.a(exceptionhandler.o)
 .debug_abbrev  0x00000ea8      0x20b ..//system_config/binary/Release/libsystem_config.a(interrupt.o)

.debug_loc      0x00000000     0x2094
 .debug_loc     0x00000000       0x20 Release/test.o
 .debug_loc     0x00000020      0x976 ..//test/binary/drivers/Release/libmaacs_drivers.a(clocks.o)
 .debug_loc     0x00000996       0xb4 ..//test/binary/drivers/Release/libmaacs_drivers.a(control_module.o)
 .debug_loc     0x00000a4a      0x270 ..//test/binary/drivers/Release/libmaacs_drivers.a(dbg.o)
 .debug_loc     0x00000cba      0x866 ..//test/binary/drivers/Release/libmaacs_drivers.a(uart.o)
 .debug_loc     0x00001520       0xd7 ..//test/binary/drivers/Release/libmaacs_drivers.a(util.o)
 .debug_loc     0x000015f7      0x2df ..//test/binary/drivers/Release/libmaacs_drivers.a(test.o)
 .debug_loc     0x000018d6       0x2c ..//test/binary/drivers/Release/libmaacs_drivers.a(test_temp.o)
 .debug_loc     0x00001902      0x516 ..//test/binary/drivers/Release/libmaacs_drivers.a(timer.o)
 .debug_loc     0x00001e18       0x34 ..//system_config/binary/Release/libsystem_config.a(startup.o)
 .debug_loc     0x00001e4c      0x248 ..//system_config/binary/Release/libsystem_config.a(interrupt.o)

.debug_aranges  0x00000000      0x468
 .debug_aranges
                0x00000000       0x20 Release/test.o
 .debug_aranges
                0x00000020       0x20 ..//test/binary/drivers/Release/libmaacs_drivers.a(clocks.o)
 .debug_aranges
                0x00000040       0x60 ..//test/binary/drivers/Release/libmaacs_drivers.a(control_module.o)
 .debug_aranges
                0x000000a0       0x78 ..//test/binary/drivers/Release/libmaacs_drivers.a(dbg.o)
 .debug_aranges
                0x00000118       0x98 ..//test/binary/drivers/Release/libmaacs_drivers.a(uart.o)
 .debug_aranges
                0x000001b0       0x38 ..//test/binary/drivers/Release/libmaacs_drivers.a(util.o)
 .debug_aranges
                0x000001e8       0x40 ..//test/binary/drivers/Release/libmaacs_drivers.a(test.o)
 .debug_aranges
                0x00000228       0x20 ..//test/binary/drivers/Release/libmaacs_drivers.a(test_temp.o)
 .debug_aranges
                0x00000248       0x90 ..//test/binary/drivers/Release/libmaacs_drivers.a(timer.o)
 .debug_aranges
                0x000002d8       0x20 ..//system_config/binary/Release/libsystem_config.a(init.o)
 .debug_aranges
                0x000002f8       0x20 ..//system_config/binary/Release/libsystem_config.a(startup.o)
 .debug_aranges
                0x00000318       0x20 ..//system_config/binary/Release/libsystem_config.a(cp15.o)
 .debug_aranges
                0x00000338       0x20 ..//system_config/binary/Release/libsystem_config.a(exceptionhandler.o)
 .debug_aranges
                0x00000358      0x110 ..//system_config/binary/Release/libsystem_config.a(interrupt.o)

.debug_ranges   0x00000000      0xeb8
 .debug_ranges  0x00000000       0x10 Release/test.o
 .debug_ranges  0x00000010      0x6e8 ..//test/binary/drivers/Release/libmaacs_drivers.a(clocks.o)
 .debug_ranges  0x000006f8      0x200 ..//test/binary/drivers/Release/libmaacs_drivers.a(control_module.o)
 .debug_ranges  0x000008f8       0x68 ..//test/binary/drivers/Release/libmaacs_drivers.a(dbg.o)
 .debug_ranges  0x00000960      0x220 ..//test/binary/drivers/Release/libmaacs_drivers.a(uart.o)
 .debug_ranges  0x00000b80       0x28 ..//test/binary/drivers/Release/libmaacs_drivers.a(util.o)
 .debug_ranges  0x00000ba8       0x60 ..//test/binary/drivers/Release/libmaacs_drivers.a(test.o)
 .debug_ranges  0x00000c08       0x60 ..//test/binary/drivers/Release/libmaacs_drivers.a(test_temp.o)
 .debug_ranges  0x00000c68      0x110 ..//test/binary/drivers/Release/libmaacs_drivers.a(timer.o)
 .debug_ranges  0x00000d78       0x10 ..//system_config/binary/Release/libsystem_config.a(startup.o)
 .debug_ranges  0x00000d88      0x130 ..//system_config/binary/Release/libsystem_config.a(interrupt.o)

.debug_line     0x00000000     0x125f
 .debug_line    0x00000000       0x6e Release/test.o
 .debug_line    0x0000006e      0x14d ..//test/binary/drivers/Release/libmaacs_drivers.a(clocks.o)
 .debug_line    0x000001bb      0x179 ..//test/binary/drivers/Release/libmaacs_drivers.a(control_module.o)
 .debug_line    0x00000334      0x252 ..//test/binary/drivers/Release/libmaacs_drivers.a(dbg.o)
 .debug_line    0x00000586      0x26c ..//test/binary/drivers/Release/libmaacs_drivers.a(uart.o)
 .debug_line    0x000007f2       0xcc ..//test/binary/drivers/Release/libmaacs_drivers.a(util.o)
 .debug_line    0x000008be      0x166 ..//test/binary/drivers/Release/libmaacs_drivers.a(test.o)
 .debug_line    0x00000a24       0xa2 ..//test/binary/drivers/Release/libmaacs_drivers.a(test_temp.o)
 .debug_line    0x00000ac6      0x1db ..//test/binary/drivers/Release/libmaacs_drivers.a(timer.o)
 .debug_line    0x00000ca1       0x87 ..//system_config/binary/Release/libsystem_config.a(init.o)
 .debug_line    0x00000d28       0x6a ..//system_config/binary/Release/libsystem_config.a(startup.o)
 .debug_line    0x00000d92      0x17e ..//system_config/binary/Release/libsystem_config.a(cp15.o)
 .debug_line    0x00000f10       0xad ..//system_config/binary/Release/libsystem_config.a(exceptionhandler.o)
 .debug_line    0x00000fbd      0x2a2 ..//system_config/binary/Release/libsystem_config.a(interrupt.o)

.debug_str      0x00000000      0xd50
 .debug_str     0x00000000      0x1ce Release/test.o
                                0x207 (size before relaxing)
 .debug_str     0x000001ce       0xee ..//test/binary/drivers/Release/libmaacs_drivers.a(clocks.o)
                                0x1d0 (size before relaxing)
 .debug_str     0x000002bc      0x109 ..//test/binary/drivers/Release/libmaacs_drivers.a(control_module.o)
                                0x26d (size before relaxing)
 .debug_str     0x000003c5      0x244 ..//test/binary/drivers/Release/libmaacs_drivers.a(dbg.o)
                                0x3a1 (size before relaxing)
 .debug_str     0x00000609      0x11b ..//test/binary/drivers/Release/libmaacs_drivers.a(uart.o)
                                0x2ff (size before relaxing)
 .debug_str     0x00000724       0xc1 ..//test/binary/drivers/Release/libmaacs_drivers.a(util.o)
                                0x206 (size before relaxing)
 .debug_str     0x000007e5       0x7d ..//test/binary/drivers/Release/libmaacs_drivers.a(test.o)
                                0x184 (size before relaxing)
 .debug_str     0x00000862       0x72 ..//test/binary/drivers/Release/libmaacs_drivers.a(test_temp.o)
                                0x185 (size before relaxing)
 .debug_str     0x000008d4      0x14e ..//test/binary/drivers/Release/libmaacs_drivers.a(timer.o)
                                0x2fe (size before relaxing)
 .debug_str     0x00000a22       0x8a ..//system_config/binary/Release/libsystem_config.a(startup.o)
                                 0xfd (size before relaxing)
 .debug_str     0x00000aac      0x2a4 ..//system_config/binary/Release/libsystem_config.a(interrupt.o)
                                0x348 (size before relaxing)

.comment        0x00000000       0x70
 .comment       0x00000000       0x70 Release/test.o
                                 0x71 (size before relaxing)
 .comment       0x00000000       0x71 ..//test/binary/drivers/Release/libmaacs_drivers.a(clocks.o)
 .comment       0x00000000       0x71 ..//test/binary/drivers/Release/libmaacs_drivers.a(control_module.o)
 .comment       0x00000000       0x71 ..//test/binary/drivers/Release/libmaacs_drivers.a(dbg.o)
 .comment       0x00000000       0x71 ..//test/binary/drivers/Release/libmaacs_drivers.a(uart.o)
 .comment       0x00000000       0x71 ..//test/binary/drivers/Release/libmaacs_drivers.a(util.o)
 .comment       0x00000000       0x71 ..//test/binary/drivers/Release/libmaacs_drivers.a(test.o)
 .comment       0x00000000       0x71 ..//test/binary/drivers/Release/libmaacs_drivers.a(test_temp.o)
 .comment       0x00000000       0x71 ..//test/binary/drivers/Release/libmaacs_drivers.a(timer.o)
 .comment       0x00000000       0x71 ..//system_config/binary/Release/libsystem_config.a(startup.o)
 .comment       0x00000000       0x71 ..//system_config/binary/Release/libsystem_config.a(interrupt.o)

.ARM.attributes
                0x00000000       0x3b
 .ARM.attributes
                0x00000000       0x37 Release/test.o
 .ARM.attributes
                0x00000037       0x37 ..//test/binary/drivers/Release/libmaacs_drivers.a(clocks.o)
 .ARM.attributes
                0x0000006e       0x37 ..//test/binary/drivers/Release/libmaacs_drivers.a(control_module.o)
 .ARM.attributes
                0x000000a5       0x37 ..//test/binary/drivers/Release/libmaacs_drivers.a(dbg.o)
 .ARM.attributes
                0x000000dc       0x37 ..//test/binary/drivers/Release/libmaacs_drivers.a(uart.o)
 .ARM.attributes
                0x00000113       0x37 ..//test/binary/drivers/Release/libmaacs_drivers.a(util.o)
 .ARM.attributes
                0x0000014a       0x37 ..//test/binary/drivers/Release/libmaacs_drivers.a(test.o)
 .ARM.attributes
                0x00000181       0x37 ..//test/binary/drivers/Release/libmaacs_drivers.a(test_temp.o)
 .ARM.attributes
                0x000001b8       0x37 ..//test/binary/drivers/Release/libmaacs_drivers.a(timer.o)
 .ARM.attributes
                0x000001ef       0x23 ..//system_config/binary/Release/libsystem_config.a(init.o)
 .ARM.attributes
                0x00000212       0x3d ..//system_config/binary/Release/libsystem_config.a(startup.o)
 .ARM.attributes
                0x0000024f       0x23 ..//system_config/binary/Release/libsystem_config.a(cp15.o)
 .ARM.attributes
                0x00000272       0x23 ..//system_config/binary/Release/libsystem_config.a(exceptionhandler.o)
 .ARM.attributes
                0x00000295       0x3d ..//system_config/binary/Release/libsystem_config.a(interrupt.o)
 .ARM.attributes
                0x000002d2       0x30 /home/jacob/MAACS/gcc-arm-none-eabi-4_7-2012q4/arm-none-eabi/lib//libc.a(lib_a-strchr.o)
 .ARM.attributes
                0x00000302       0x30 /home/jacob/MAACS/gcc-arm-none-eabi-4_7-2012q4/arm-none-eabi/lib//libc.a(lib_a-strcmp.o)
 .ARM.attributes
                0x00000332       0x30 /home/jacob/MAACS/gcc-arm-none-eabi-4_7-2012q4/arm-none-eabi/lib//libc.a(lib_a-strlen.o)
 .ARM.attributes
                0x00000362       0x18 /home/jacob/MAACS/gcc-arm-none-eabi-4_7-2012q4/lib/gcc/arm-none-eabi/4.7.3//libgcc.a(_udivsi3.o)
 .ARM.attributes
                0x0000037a       0x18 /home/jacob/MAACS/gcc-arm-none-eabi-4_7-2012q4/lib/gcc/arm-none-eabi/4.7.3//libgcc.a(_divsi3.o)
 .ARM.attributes
                0x00000392       0x18 /home/jacob/MAACS/gcc-arm-none-eabi-4_7-2012q4/lib/gcc/arm-none-eabi/4.7.3//libgcc.a(_dvmd_tls.o)

.debug_frame    0x00000000      0x8b0
 .debug_frame   0x00000000       0x28 Release/test.o
 .debug_frame   0x00000028       0x2c ..//test/binary/drivers/Release/libmaacs_drivers.a(clocks.o)
 .debug_frame   0x00000054       0xa0 ..//test/binary/drivers/Release/libmaacs_drivers.a(control_module.o)
 .debug_frame   0x000000f4      0x100 ..//test/binary/drivers/Release/libmaacs_drivers.a(dbg.o)
 .debug_frame   0x000001f4      0x12c ..//test/binary/drivers/Release/libmaacs_drivers.a(uart.o)
 .debug_frame   0x00000320       0x74 ..//test/binary/drivers/Release/libmaacs_drivers.a(util.o)
 .debug_frame   0x00000394       0xbc ..//test/binary/drivers/Release/libmaacs_drivers.a(test.o)
 .debug_frame   0x00000450       0x38 ..//test/binary/drivers/Release/libmaacs_drivers.a(test_temp.o)
 .debug_frame   0x00000488      0x108 ..//test/binary/drivers/Release/libmaacs_drivers.a(timer.o)
 .debug_frame   0x00000590       0x28 ..//system_config/binary/Release/libsystem_config.a(startup.o)
 .debug_frame   0x000005b8      0x238 ..//system_config/binary/Release/libsystem_config.a(interrupt.o)
 .debug_frame   0x000007f0       0x30 /home/jacob/MAACS/gcc-arm-none-eabi-4_7-2012q4/arm-none-eabi/lib//libc.a(lib_a-strchr.o)
 .debug_frame   0x00000820       0x30 /home/jacob/MAACS/gcc-arm-none-eabi-4_7-2012q4/arm-none-eabi/lib//libc.a(lib_a-strcmp.o)
 .debug_frame   0x00000850       0x20 /home/jacob/MAACS/gcc-arm-none-eabi-4_7-2012q4/arm-none-eabi/lib//libc.a(lib_a-strlen.o)
 .debug_frame   0x00000870       0x20 /home/jacob/MAACS/gcc-arm-none-eabi-4_7-2012q4/lib/gcc/arm-none-eabi/4.7.3//libgcc.a(_udivsi3.o)
 .debug_frame   0x00000890       0x20 /home/jacob/MAACS/gcc-arm-none-eabi-4_7-2012q4/lib/gcc/arm-none-eabi/4.7.3//libgcc.a(_divsi3.o)
